Archive member included to satisfy reference by file (symbol)

C:/ST/STM32CubeIDE_1.16.1/STM32CubeIDE/plugins/com.st.stm32cube.ide.mcu.externaltools.gnu-tools-for-stm32.12.3.rel1.win32_1.0.200.202406191623/tools/bin/../lib/gcc/arm-none-eabi/12.3.1/../../../../arm-none-eabi/lib/thumb/v7e-m+fp/hard\libc_nano.a(libc_a-exit.o)
                              C:/ST/STM32CubeIDE_1.16.1/STM32CubeIDE/plugins/com.st.stm32cube.ide.mcu.externaltools.gnu-tools-for-stm32.12.3.rel1.win32_1.0.200.202406191623/tools/bin/../lib/gcc/arm-none-eabi/12.3.1/../../../../arm-none-eabi/lib/thumb/v7e-m+fp/hard/crt0.o (exit)
C:/ST/STM32CubeIDE_1.16.1/STM32CubeIDE/plugins/com.st.stm32cube.ide.mcu.externaltools.gnu-tools-for-stm32.12.3.rel1.win32_1.0.200.202406191623/tools/bin/../lib/gcc/arm-none-eabi/12.3.1/../../../../arm-none-eabi/lib/thumb/v7e-m+fp/hard\libc_nano.a(libc_a-ctype_.o)
                              ./Core/Src/main.o (_ctype_)
C:/ST/STM32CubeIDE_1.16.1/STM32CubeIDE/plugins/com.st.stm32cube.ide.mcu.externaltools.gnu-tools-for-stm32.12.3.rel1.win32_1.0.200.202406191623/tools/bin/../lib/gcc/arm-none-eabi/12.3.1/../../../../arm-none-eabi/lib/thumb/v7e-m+fp/hard\libc_nano.a(libc_a-nano-vfprintf_float.o)
                              (_printf_float)
C:/ST/STM32CubeIDE_1.16.1/STM32CubeIDE/plugins/com.st.stm32cube.ide.mcu.externaltools.gnu-tools-for-stm32.12.3.rel1.win32_1.0.200.202406191623/tools/bin/../lib/gcc/arm-none-eabi/12.3.1/../../../../arm-none-eabi/lib/thumb/v7e-m+fp/hard\libc_nano.a(libc_a-nano-vfprintf_i.o)
                              C:/ST/STM32CubeIDE_1.16.1/STM32CubeIDE/plugins/com.st.stm32cube.ide.mcu.externaltools.gnu-tools-for-stm32.12.3.rel1.win32_1.0.200.202406191623/tools/bin/../lib/gcc/arm-none-eabi/12.3.1/../../../../arm-none-eabi/lib/thumb/v7e-m+fp/hard\libc_nano.a(libc_a-nano-vfprintf_float.o) (_printf_common)
C:/ST/STM32CubeIDE_1.16.1/STM32CubeIDE/plugins/com.st.stm32cube.ide.mcu.externaltools.gnu-tools-for-stm32.12.3.rel1.win32_1.0.200.202406191623/tools/bin/../lib/gcc/arm-none-eabi/12.3.1/../../../../arm-none-eabi/lib/thumb/v7e-m+fp/hard\libc_nano.a(libc_a-findfp.o)
                              C:/ST/STM32CubeIDE_1.16.1/STM32CubeIDE/plugins/com.st.stm32cube.ide.mcu.externaltools.gnu-tools-for-stm32.12.3.rel1.win32_1.0.200.202406191623/tools/bin/../lib/gcc/arm-none-eabi/12.3.1/../../../../arm-none-eabi/lib/thumb/v7e-m+fp/hard\libc_nano.a(libc_a-exit.o) (__stdio_exit_handler)
C:/ST/STM32CubeIDE_1.16.1/STM32CubeIDE/plugins/com.st.stm32cube.ide.mcu.externaltools.gnu-tools-for-stm32.12.3.rel1.win32_1.0.200.202406191623/tools/bin/../lib/gcc/arm-none-eabi/12.3.1/../../../../arm-none-eabi/lib/thumb/v7e-m+fp/hard\libc_nano.a(libc_a-fwalk.o)
                              C:/ST/STM32CubeIDE_1.16.1/STM32CubeIDE/plugins/com.st.stm32cube.ide.mcu.externaltools.gnu-tools-for-stm32.12.3.rel1.win32_1.0.200.202406191623/tools/bin/../lib/gcc/arm-none-eabi/12.3.1/../../../../arm-none-eabi/lib/thumb/v7e-m+fp/hard\libc_nano.a(libc_a-findfp.o) (_fwalk_sglue)
C:/ST/STM32CubeIDE_1.16.1/STM32CubeIDE/plugins/com.st.stm32cube.ide.mcu.externaltools.gnu-tools-for-stm32.12.3.rel1.win32_1.0.200.202406191623/tools/bin/../lib/gcc/arm-none-eabi/12.3.1/../../../../arm-none-eabi/lib/thumb/v7e-m+fp/hard\libc_nano.a(libc_a-putchar.o)
                              ./Core/Src/main.o (putchar)
C:/ST/STM32CubeIDE_1.16.1/STM32CubeIDE/plugins/com.st.stm32cube.ide.mcu.externaltools.gnu-tools-for-stm32.12.3.rel1.win32_1.0.200.202406191623/tools/bin/../lib/gcc/arm-none-eabi/12.3.1/../../../../arm-none-eabi/lib/thumb/v7e-m+fp/hard\libc_nano.a(libc_a-puts.o)
                              ./lmic/radio.o (puts)
C:/ST/STM32CubeIDE_1.16.1/STM32CubeIDE/plugins/com.st.stm32cube.ide.mcu.externaltools.gnu-tools-for-stm32.12.3.rel1.win32_1.0.200.202406191623/tools/bin/../lib/gcc/arm-none-eabi/12.3.1/../../../../arm-none-eabi/lib/thumb/v7e-m+fp/hard\libc_nano.a(libc_a-snprintf.o)
                              ./Core/Src/ssd1306_tests.o (snprintf)
C:/ST/STM32CubeIDE_1.16.1/STM32CubeIDE/plugins/com.st.stm32cube.ide.mcu.externaltools.gnu-tools-for-stm32.12.3.rel1.win32_1.0.200.202406191623/tools/bin/../lib/gcc/arm-none-eabi/12.3.1/../../../../arm-none-eabi/lib/thumb/v7e-m+fp/hard\libc_nano.a(libc_a-sprintf.o)
                              ./Core/Src/main.o (sprintf)
C:/ST/STM32CubeIDE_1.16.1/STM32CubeIDE/plugins/com.st.stm32cube.ide.mcu.externaltools.gnu-tools-for-stm32.12.3.rel1.win32_1.0.200.202406191623/tools/bin/../lib/gcc/arm-none-eabi/12.3.1/../../../../arm-none-eabi/lib/thumb/v7e-m+fp/hard\libc_nano.a(libc_a-stdio.o)
                              C:/ST/STM32CubeIDE_1.16.1/STM32CubeIDE/plugins/com.st.stm32cube.ide.mcu.externaltools.gnu-tools-for-stm32.12.3.rel1.win32_1.0.200.202406191623/tools/bin/../lib/gcc/arm-none-eabi/12.3.1/../../../../arm-none-eabi/lib/thumb/v7e-m+fp/hard\libc_nano.a(libc_a-findfp.o) (__sread)
[...]
Memory Configuration

Name             Origin             Length             Attributes
CCMRAM           0x10000000         0x00004000         xrw
RAM              0x20000000         0x00010000         xrw
FLASH            0x08000000         0x00080000         xr
*default*        0x00000000         0xffffffff

Linker script and memory map

LOAD C:/ST/STM32CubeIDE_1.16.1/STM32CubeIDE/plugins/com.st.stm32cube.ide.mcu.externaltools.gnu-tools-for-stm32.12.3.rel1.win32_1.0.200.202406191623/tools/bin/../lib/gcc/arm-none-eabi/12.3.1/thumb/v7e-m+fp/hard/crti.o
LOAD C:/ST/STM32CubeIDE_1.16.1/STM32CubeIDE/plugins/com.st.stm32cube.ide.mcu.externaltools.gnu-tools-for-stm32.12.3.rel1.win32_1.0.200.202406191623/tools/bin/../lib/gcc/arm-none-eabi/12.3.1/thumb/v7e-m+fp/hard/crtbegin.o
LOAD C:/ST/STM32CubeIDE_1.16.1/STM32CubeIDE/plugins/com.st.stm32cube.ide.mcu.externaltools.gnu-tools-for-stm32.12.3.rel1.win32_1.0.200.202406191623/tools/bin/../lib/gcc/arm-none-eabi/12.3.1/../../../../arm-none-eabi/lib/thumb/v7e-m+fp/hard/crt0.o
LOAD ./Core/Src/DHT.o
LOAD ./Core/Src/UartRingbuffer.o
LOAD ./Core/Src/bh1750.o
LOAD ./Core/Src/main.o
LOAD ./Core/Src/ssd1306.o
LOAD ./Core/Src/ssd1306_fonts.o
LOAD ./Core/Src/ssd1306_tests.o
LOAD ./Core/Src/stm32f3xx_hal_msp.o
LOAD ./Core/Src/stm32f3xx_it.o
LOAD ./Core/Src/syscalls.o
LOAD ./Core/Src/sysmem.o
LOAD ./Core/Src/system_stm32f3xx.o
LOAD ./Core/Startup/startup_stm32f303retx.o
LOAD ./Drivers/STM32F3xx_HAL_Driver/Src/stm32f3xx_hal.o
LOAD ./Drivers/STM32F3xx_HAL_Driver/Src/stm32f3xx_hal_adc.o
LOAD ./Drivers/STM32F3xx_HAL_Driver/Src/stm32f3xx_hal_adc_ex.o
LOAD ./Drivers/STM32F3xx_HAL_Driver/Src/stm32f3xx_hal_cortex.o
LOAD ./Drivers/STM32F3xx_HAL_Driver/Src/stm32f3xx_hal_dma.o
LOAD ./Drivers/STM32F3xx_HAL_Driver/Src/stm32f3xx_hal_exti.o
LOAD ./Drivers/STM32F3xx_HAL_Driver/Src/stm32f3xx_hal_flash.o
LOAD ./Drivers/STM32F3xx_HAL_Driver/Src/stm32f3xx_hal_flash_ex.o
LOAD ./Drivers/STM32F3xx_HAL_Driver/Src/stm32f3xx_hal_gpio.o
LOAD ./Drivers/STM32F3xx_HAL_Driver/Src/stm32f3xx_hal_i2c.o
LOAD ./Drivers/STM32F3xx_HAL_Driver/Src/stm32f3xx_hal_i2c_ex.o
LOAD ./Drivers/STM32F3xx_HAL_Driver/Src/stm32f3xx_hal_pwr.o
LOAD ./Drivers/STM32F3xx_HAL_Driver/Src/stm32f3xx_hal_pwr_ex.o
LOAD ./Drivers/STM32F3xx_HAL_Driver/Src/stm32f3xx_hal_rcc.o
LOAD ./Drivers/STM32F3xx_HAL_Driver/Src/stm32f3xx_hal_rcc_ex.o
LOAD ./Drivers/STM32F3xx_HAL_Driver/Src/stm32f3xx_hal_spi.o
LOAD ./Drivers/STM32F3xx_HAL_Driver/Src/stm32f3xx_hal_spi_ex.o
LOAD ./Drivers/STM32F3xx_HAL_Driver/Src/stm32f3xx_hal_tim.o
LOAD ./Drivers/STM32F3xx_HAL_Driver/Src/stm32f3xx_hal_tim_ex.o
LOAD ./Drivers/STM32F3xx_HAL_Driver/Src/stm32f3xx_hal_uart.o
LOAD ./Drivers/STM32F3xx_HAL_Driver/Src/stm32f3xx_hal_uart_ex.o
LOAD ./aes/lmic.o
LOAD ./aes/other.o
LOAD ./lmic/lmic.o
LOAD ./lmic/oslmic.o
LOAD ./lmic/radio.o
LOAD ./stm32/debug.o
LOAD ./stm32/eeprom.o
LOAD ./stm32/hal.o
LOAD ./stm32/hw.o
START GROUP
LOAD C:/ST/STM32CubeIDE_1.16.1/STM32CubeIDE/plugins/com.st.stm32cube.ide.mcu.externaltools.gnu-tools-for-stm32.12.3.rel1.win32_1.0.200.202406191623/tools/bin/../lib/gcc/arm-none-eabi/12.3.1/../../../../arm-none-eabi/lib/thumb/v7e-m+fp/hard\libc_nano.a
LOAD C:/ST/STM32CubeIDE_1.16.1/STM32CubeIDE/plugins/com.st.stm32cube.ide.mcu.externaltools.gnu-tools-for-stm32.12.3.rel1.win32_1.0.200.202406191623/tools/bin/../lib/gcc/arm-none-eabi/12.3.1/../../../../arm-none-eabi/lib/thumb/v7e-m+fp/hard\libm.a
END GROUP
START GROUP
LOAD C:/ST/STM32CubeIDE_1.16.1/STM32CubeIDE/plugins/com.st.stm32cube.ide.mcu.externaltools.gnu-tools-for-stm32.12.3.rel1.win32_1.0.200.202406191623/tools/bin/../lib/gcc/arm-none-eabi/12.3.1/thumb/v7e-m+fp/hard\libgcc.a
LOAD C:/ST/STM32CubeIDE_1.16.1/STM32CubeIDE/plugins/com.st.stm32cube.ide.mcu.externaltools.gnu-tools-for-stm32.12.3.rel1.win32_1.0.200.202406191623/tools/bin/../lib/gcc/arm-none-eabi/12.3.1/../../../../arm-none-eabi/lib/thumb/v7e-m+fp/hard\libc_nano.a
END GROUP
START GROUP
LOAD C:/ST/STM32CubeIDE_1.16.1/STM32CubeIDE/plugins/com.st.stm32cube.ide.mcu.externaltools.gnu-tools-for-stm32.12.3.rel1.win32_1.0.200.202406191623/tools/bin/../lib/gcc/arm-none-eabi/12.3.1/thumb/v7e-m+fp/hard\libgcc.a
LOAD C:/ST/STM32CubeIDE_1.16.1/STM32CubeIDE/plugins/com.st.stm32cube.ide.mcu.externaltools.gnu-tools-for-stm32.12.3.rel1.win32_1.0.200.202406191623/tools/bin/../lib/gcc/arm-none-eabi/12.3.1/../../../../arm-none-eabi/lib/thumb/v7e-m+fp/hard\libc_nano.a
LOAD C:/ST/STM32CubeIDE_1.16.1/STM32CubeIDE/plugins/com.st.stm32cube.ide.mcu.externaltools.gnu-tools-for-stm32.12.3.rel1.win32_1.0.200.202406191623/tools/bin/../lib/gcc/arm-none-eabi/12.3.1/../../../../arm-none-eabi/lib/thumb/v7e-m+fp/hard\libnosys.a
END GROUP
START GROUP
LOAD C:/ST/STM32CubeIDE_1.16.1/STM32CubeIDE/plugins/com.st.stm32cube.ide.mcu.externaltools.gnu-tools-for-stm32.12.3.rel1.win32_1.0.200.202406191623/tools/bin/../lib/gcc/arm-none-eabi/12.3.1/thumb/v7e-m+fp/hard\libgcc.a
LOAD C:/ST/STM32CubeIDE_1.16.1/STM32CubeIDE/plugins/com.st.stm32cube.ide.mcu.externaltools.gnu-tools-for-stm32.12.3.rel1.win32_1.0.200.202406191623/tools/bin/../lib/gcc/arm-none-eabi/12.3.1/../../../../arm-none-eabi/lib/thumb/v7e-m+fp/hard\libc_nano.a
LOAD C:/ST/STM32CubeIDE_1.16.1/STM32CubeIDE/plugins/com.st.stm32cube.ide.mcu.externaltools.gnu-tools-for-stm32.12.3.rel1.win32_1.0.200.202406191623/tools/bin/../lib/gcc/arm-none-eabi/12.3.1/../../../../arm-none-eabi/lib/thumb/v7e-m+fp/hard\libnosys.a
END GROUP
LOAD C:/ST/STM32CubeIDE_1.16.1/STM32CubeIDE/plugins/com.st.stm32cube.ide.mcu.externaltools.gnu-tools-for-stm32.12.3.rel1.win32_1.0.200.202406191623/tools/bin/../lib/gcc/arm-none-eabi/12.3.1/thumb/v7e-m+fp/hard/crtend.o
LOAD C:/ST/STM32CubeIDE_1.16.1/STM32CubeIDE/plugins/com.st.stm32cube.ide.mcu.externaltools.gnu-tools-for-stm32.12.3.rel1.win32_1.0.200.202406191623/tools/bin/../lib/gcc/arm-none-eabi/12.3.1/thumb/v7e-m+fp/hard/crtn.o
                0x20010000                        _estack = (ORIGIN (RAM) + LENGTH (RAM))
                0x00000200                        _Min_Heap_Size = 0x200
                0x00000400                        _Min_Stack_Size = 0x400

.isr_vector     0x08000000      0x194
                0x08000000                        . = ALIGN (0x4)
 *(.isr_vector)
 .isr_vector    0x08000000      0x194 ./Core/Startup/startup_stm32f303retx.o
                0x08000000                g_pfnVectors
                0x08000194                        . = ALIGN (0x4)

.text           0x080001a0    0x13af8
                0x080001a0                        . = ALIGN (0x4)
 *(.text)
 .text          0x080001a0       0x40 C:/ST/STM32CubeIDE_1.16.1/STM32CubeIDE/plugins/com.st.stm32cube.ide.mcu.externaltools.gnu-tools-for-stm32.12.3.rel1.win32_1.0.200.202406191623/tools/bin/../lib/gcc/arm-none-eabi/12.3.1/thumb/v7e-m+fp/hard/crtbegin.o
 .text          0x080001e0       0xa0 C:/ST/STM32CubeIDE_1.16.1/STM32CubeIDE/plugins/com.st.stm32cube.ide.mcu.externaltools.gnu-tools-for-stm32.12.3.rel1.win32_1.0.200.202406191623/tools/bin/../lib/gcc/arm-none-eabi/12.3.1/../../../../arm-none-eabi/lib/thumb/v7e-m+fp/hard\libc_nano.a(libc_a-memchr.o)
                0x080001e0                memchr
 .text          0x08000280       0x10 C:/ST/STM32CubeIDE_1.16.1/STM32CubeIDE/plugins/com.st.stm32cube.ide.mcu.externaltools.gnu-tools-for-stm32.12.3.rel1.win32_1.0.200.202406191623/tools/bin/../lib/gcc/arm-none-eabi/12.3.1/../../../../arm-none-eabi/lib/thumb/v7e-m+fp/hard\libc_nano.a(libc_a-strlen.o)
                0x08000280                strlen
 .text          0x08000290      0x378 C:/ST/STM32CubeIDE_1.16.1/STM32CubeIDE/plugins/com.st.stm32cube.ide.mcu.externaltools.gnu-tools-for-stm32.12.3.rel1.win32_1.0.200.202406191623/tools/bin/../lib/gcc/arm-none-eabi/12.3.1/thumb/v7e-m+fp/hard\libgcc.a(_arm_addsubdf3.o)
                0x08000290                __aeabi_drsub
                0x08000298                __aeabi_dsub
                0x08000298                __subdf3
                0x0800029c                __aeabi_dadd
                0x0800029c                __adddf3
                0x08000514                __floatunsidf
                0x08000514                __aeabi_ui2d
                0x08000534                __floatsidf
                0x08000534                __aeabi_i2d
                0x08000558                __aeabi_f2d
                0x08000558                __extendsfdf2
                0x0800059c                __floatundidf
                0x0800059c                __aeabi_ul2d
                0x080005ac                __floatdidf
                0x080005ac                __aeabi_l2d
 .text          0x08000608      0x424 C:/ST/STM32CubeIDE_1.16.1/STM32CubeIDE/plugins/com.st.stm32cube.ide.mcu.externaltools.gnu-tools-for-stm32.12.3.rel1.win32_1.0.200.202406191623/tools/bin/../lib/gcc/arm-none-eabi/12.3.1/thumb/v7e-m+fp/hard\libgcc.a(_arm_muldivdf3.o)
                0x08000608                __aeabi_dmul
                0x08000608                __muldf3
                0x0800085c                __divdf3
                0x0800085c                __aeabi_ddiv
 .text          0x08000a2c      0x110 C:/ST/STM32CubeIDE_1.16.1/STM32CubeIDE/plugins/com.st.stm32cube.ide.mcu.externaltools.gnu-tools-for-stm32.12.3.rel1.win32_1.0.200.202406191623/tools/bin/../lib/gcc/arm-none-eabi/12.3.1/thumb/v7e-m+fp/hard\libgcc.a(_arm_cmpdf2.o)
                0x08000a2c                __gtdf2
                0x08000a2c                __gedf2
                0x08000a34                __ltdf2
                0x08000a34                __ledf2
                0x08000a3c                __nedf2
                0x08000a3c                __eqdf2
                0x08000a3c                __cmpdf2
                0x08000ab8                __aeabi_cdrcmple
                0x08000ac8                __aeabi_cdcmpeq
                0x08000ac8                __aeabi_cdcmple
                0x08000ad8                __aeabi_dcmpeq
                0x08000aec                __aeabi_dcmplt
                0x08000b00                __aeabi_dcmple
                0x08000b14                __aeabi_dcmpge
                0x08000b28                __aeabi_dcmpgt
 .text          0x08000b3c       0x2c C:/ST/STM32CubeIDE_1.16.1/STM32CubeIDE/plugins/com.st.stm32cube.ide.mcu.externaltools.gnu-tools-for-stm32.12.3.rel1.win32_1.0.200.202406191623/tools/bin/../lib/gcc/arm-none-eabi/12.3.1/thumb/v7e-m+fp/hard\libgcc.a(_arm_unorddf2.o)
                0x08000b3c                __unorddf2
                0x08000b3c                __aeabi_dcmpun
 .text          0x08000b68       0x50 C:/ST/STM32CubeIDE_1.16.1/STM32CubeIDE/plugins/com.st.stm32cube.ide.mcu.externaltools.gnu-tools-for-stm32.12.3.rel1.win32_1.0.200.202406191623/tools/bin/../lib/gcc/arm-none-eabi/12.3.1/thumb/v7e-m+fp/hard\libgcc.a(_arm_fixdfsi.o)
                0x08000b68                __aeabi_d2iz
                0x08000b68                __fixdfsi
 .text          0x08000bb8       0x40 C:/ST/STM32CubeIDE_1.16.1/STM32CubeIDE/plugins/com.st.stm32cube.ide.mcu.externaltools.gnu-tools-for-stm32.12.3.rel1.win32_1.0.200.202406191623/tools/bin/../lib/gcc/arm-none-eabi/12.3.1/thumb/v7e-m+fp/hard\libgcc.a(_arm_fixunsdfsi.o)
                0x08000bb8                __aeabi_d2uiz
                0x08000bb8                __fixunsdfsi
 .text          0x08000bf8       0xa0 C:/ST/STM32CubeIDE_1.16.1/STM32CubeIDE/plugins/com.st.stm32cube.ide.mcu.externaltools.gnu-tools-for-stm32.12.3.rel1.win32_1.0.200.202406191623/tools/bin/../lib/gcc/arm-none-eabi/12.3.1/thumb/v7e-m+fp/hard\libgcc.a(_arm_truncdfsf2.o)
                0x08000bf8                __truncdfsf2
                0x08000bf8                __aeabi_d2f
 .text          0x08000c98       0x30 C:/ST/STM32CubeIDE_1.16.1/STM32CubeIDE/plugins/com.st.stm32cube.ide.mcu.externaltools.gnu-tools-for-stm32.12.3.rel1.win32_1.0.200.202406191623/tools/bin/../lib/gcc/arm-none-eabi/12.3.1/thumb/v7e-m+fp/hard\libgcc.a(_aeabi_uldivmod.o)
                0x08000c98                __aeabi_uldivmod
 .text          0x08000cc8      0x2bc C:/ST/STM32CubeIDE_1.16.1/STM32CubeIDE/plugins/com.st.stm32cube.ide.mcu.externaltools.gnu-tools-for-stm32.12.3.rel1.win32_1.0.200.202406191623/tools/bin/../lib/gcc/arm-none-eabi/12.3.1/thumb/v7e-m+fp/hard\libgcc.a(_udivmoddi4.o)
                0x08000cc8                __udivmoddi4
 .text          0x08000f84        0x4 C:/ST/STM32CubeIDE_1.16.1/STM32CubeIDE/plugins/com.st.stm32cube.ide.mcu.externaltools.gnu-tools-for-stm32.12.3.rel1.win32_1.0.200.202406191623/tools/bin/../lib/gcc/arm-none-eabi/12.3.1/thumb/v7e-m+fp/hard\libgcc.a(_dvmd_tls.o)
                0x08000f84                __aeabi_idiv0
                0x08000f84                __aeabi_ldiv0
 *(.text*)
 .text.DWT_Delay_Init
                0x08000f88       0x60 ./Core/Src/DHT.o
                0x08000f88                DWT_Delay_Init
 .text.delay    0x08000fe8       0x48 ./Core/Src/DHT.o
                0x08000fe8                delay
 .text.Set_Pin_Output
                0x08001030       0x3c ./Core/Src/DHT.o
                0x08001030                Set_Pin_Output
 .text.Set_Pin_Input
                0x0800106c       0x3c ./Core/Src/DHT.o
                0x0800106c                Set_Pin_Input
 .text.DHT_Start
                0x080010a8       0x44 ./Core/Src/DHT.o
                0x080010a8                DHT_Start
 .text.DHT_Check_Response
                0x080010ec       0x5c ./Core/Src/DHT.o
                0x080010ec                DHT_Check_Response
 .text.DHT_Read
                0x08001148       0x90 ./Core/Src/DHT.o
                0x08001148                DHT_Read
 .text.DHT_GetData
                0x080011d8       0xcc ./Core/Src/DHT.o
                0x080011d8                DHT_GetData
 .text.Ringbuf_init
                0x080012a4       0x50 ./Core/Src/UartRingbuffer.o
                0x080012a4                Ringbuf_init
 .text.store_char
                0x080012f4       0x58 ./Core/Src/UartRingbuffer.o
                0x080012f4                store_char
 .text.Uart_read
                0x0800134c       0x68 ./Core/Src/UartRingbuffer.o
                0x0800134c                Uart_read
 .text.IsDataAvailable
                0x080013b4       0x44 ./Core/Src/UartRingbuffer.o
                0x080013b4                IsDataAvailable
 .text.Uart_flush
                0x080013f8       0x30 ./Core/Src/UartRingbuffer.o
                0x080013f8                Uart_flush
 .text.Uart_peek
                0x08001428       0x3c ./Core/Src/UartRingbuffer.o
                0x08001428                Uart_peek
 .text.Get_after
                0x08001464       0x68 ./Core/Src/UartRingbuffer.o
                0x08001464                Get_after
 .text.Wait_for
                0x080014cc      0x12c ./Core/Src/UartRingbuffer.o
                0x080014cc                Wait_for
 .text.Uart_isr
                0x080015f8       0xd0 ./Core/Src/UartRingbuffer.o
                0x080015f8                Uart_isr
 .text.BH1750_Cmd_Write
                0x080016c8       0x48 ./Core/Src/bh1750.o
                0x080016c8                BH1750_Cmd_Write
 .text.BH1750_Start
                0x08001710       0x2c ./Core/Src/bh1750.o
                0x08001710                BH1750_Start
 .text.BH1750_Read
                0x0800173c       0x8c ./Core/Src/bh1750.o
                0x0800173c                BH1750_Read
 .text.HAL_ADC_ConvCpltCallback
                0x080017c8       0x20 ./Core/Src/main.o
                0x080017c8                HAL_ADC_ConvCpltCallback
 .text.readBattery
                0x080017e8       0xd0 ./Core/Src/main.o
                0x080017e8                readBattery
 .text.Read_DataDHT
                0x080018b8       0x44 ./Core/Src/main.o
                0x080018b8                Read_DataDHT
 .text.readSensor
                0x080018fc       0x54 ./Core/Src/main.o
                0x080018fc                readSensor
 .text.canopyControl
                0x08001950       0x90 ./Core/Src/main.o
                0x08001950                canopyControl
 .text.generateData
                0x080019e0      0x194 ./Core/Src/main.o
                0x080019e0                generateData
 .text.updateScreen
                0x08001b74      0x224 ./Core/Src/main.o
                0x08001b74                updateScreen
 .text.os_getArtEui
                0x08001d98       0x28 ./Core/Src/main.o
                0x08001d98                os_getArtEui
 .text.os_getDevEui
                0x08001dc0       0x28 ./Core/Src/main.o
                0x08001dc0                os_getDevEui
 .text.os_getDevKey
                0x08001de8       0x28 ./Core/Src/main.o
                0x08001de8                os_getDevKey
 .text.do_send  0x08001e10       0x70 ./Core/Src/main.o
                0x08001e10                do_send
 .text.onEvent  0x08001e80      0x3f8 ./Core/Src/main.o
                0x08001e80                onEvent
 .text.initfunc
                0x08002278      0x120 ./Core/Src/main.o
                0x08002278                initfunc
 .text.main     0x08002398       0xf4 ./Core/Src/main.o
                0x08002398                main
 .text.SystemClock_Config
                0x0800248c       0xd8 ./Core/Src/main.o
                0x0800248c                SystemClock_Config
 .text.MX_ADC3_Init
                0x08002564       0xfc ./Core/Src/main.o
 .text.MX_ADC4_Init
                0x08002660       0xbc ./Core/Src/main.o
 .text.MX_I2C1_Init
                0x0800271c       0x80 ./Core/Src/main.o
 .text.MX_I2C2_Init
                0x0800279c       0x80 ./Core/Src/main.o
 .text.MX_SPI2_Init
                0x0800281c       0x7c ./Core/Src/main.o
 .text.MX_TIM2_Init
                0x08002898       0xec ./Core/Src/main.o
 .text.MX_TIM4_Init
                0x08002984       0xb0 ./Core/Src/main.o
 .text.MX_TIM7_Init
                0x08002a34       0x70 ./Core/Src/main.o
 .text.MX_USART1_UART_Init
                0x08002aa4       0x60 ./Core/Src/main.o
 .text.MX_USART2_UART_Init
                0x08002b04       0x60 ./Core/Src/main.o
 .text.MX_DMA_Init
                0x08002b64       0x3c ./Core/Src/main.o
 .text.MX_GPIO_Init
                0x08002ba0      0x154 ./Core/Src/main.o
 .text.Error_Handler
                0x08002cf4        0xc ./Core/Src/main.o
                0x08002cf4                Error_Handler
 .text.ssd1306_WriteCommand
                0x08002d00       0x30 ./Core/Src/ssd1306.o
                0x08002d00                ssd1306_WriteCommand
 .text.ssd1306_WriteData
                0x08002d30       0x34 ./Core/Src/ssd1306.o
                0x08002d30                ssd1306_WriteData
 .text.ssd1306_Fill
                0x08002d64       0x30 ./Core/Src/ssd1306.o
                0x08002d64                ssd1306_Fill
 .text.ssd1306_UpdateScreen
                0x08002d94       0x50 ./Core/Src/ssd1306.o
                0x08002d94                ssd1306_UpdateScreen
 .text.ssd1306_DrawPixel
                0x08002de4       0xa8 ./Core/Src/ssd1306.o
                0x08002de4                ssd1306_DrawPixel
 .text.ssd1306_WriteChar
                0x08002e8c      0x120 ./Core/Src/ssd1306.o
                0x08002e8c                ssd1306_WriteChar
 .text.ssd1306_WriteString
                0x08002fac       0x4c ./Core/Src/ssd1306.o
                0x08002fac                ssd1306_WriteString
 .text.ssd1306_SetCursor
                0x08002ff8       0x30 ./Core/Src/ssd1306.o
                0x08002ff8                ssd1306_SetCursor
 .text.HAL_MspInit
                0x08003028       0x48 ./Core/Src/stm32f3xx_hal_msp.o
                0x08003028                HAL_MspInit
 .text.HAL_ADC_MspInit
                0x08003070      0x158 ./Core/Src/stm32f3xx_hal_msp.o
                0x08003070                HAL_ADC_MspInit
 .text.HAL_I2C_MspInit
                0x080031c8       0xec ./Core/Src/stm32f3xx_hal_msp.o
                0x080031c8                HAL_I2C_MspInit
 .text.HAL_SPI_MspInit
                0x080032b4       0x88 ./Core/Src/stm32f3xx_hal_msp.o
                0x080032b4                HAL_SPI_MspInit
 .text.HAL_TIM_Base_MspInit
                0x0800333c       0x70 ./Core/Src/stm32f3xx_hal_msp.o
                0x0800333c                HAL_TIM_Base_MspInit
 .text.HAL_TIM_OC_MspInit
                0x080033ac       0x4c ./Core/Src/stm32f3xx_hal_msp.o
                0x080033ac                HAL_TIM_OC_MspInit
 .text.HAL_TIM_MspPostInit
                0x080033f8       0x6c ./Core/Src/stm32f3xx_hal_msp.o
                0x080033f8                HAL_TIM_MspPostInit
 .text.HAL_UART_MspInit
                0x08003464       0xf8 ./Core/Src/stm32f3xx_hal_msp.o
                0x08003464                HAL_UART_MspInit
 .text.NMI_Handler
                0x0800355c        0x8 ./Core/Src/stm32f3xx_it.o
                0x0800355c                NMI_Handler
 .text.HardFault_Handler
                0x08003564        0x8 ./Core/Src/stm32f3xx_it.o
                0x08003564                HardFault_Handler
 .text.MemManage_Handler
                0x0800356c        0x8 ./Core/Src/stm32f3xx_it.o
                0x0800356c                MemManage_Handler
 .text.BusFault_Handler
                0x08003574        0x8 ./Core/Src/stm32f3xx_it.o
                0x08003574                BusFault_Handler
 .text.UsageFault_Handler
                0x0800357c        0x8 ./Core/Src/stm32f3xx_it.o
                0x0800357c                UsageFault_Handler
 .text.SVC_Handler
                0x08003584        0xe ./Core/Src/stm32f3xx_it.o
                0x08003584                SVC_Handler
 .text.DebugMon_Handler
                0x08003592        0xe ./Core/Src/stm32f3xx_it.o
                0x08003592                DebugMon_Handler
 .text.PendSV_Handler
                0x080035a0        0xe ./Core/Src/stm32f3xx_it.o
                0x080035a0                PendSV_Handler
 *fill*         0x080035ae        0x2 
 .text.SysTick_Handler
                0x080035b0       0x24 ./Core/Src/stm32f3xx_it.o
                0x080035b0                SysTick_Handler
 .text.EXTI0_IRQHandler
                0x080035d4        0xe ./Core/Src/stm32f3xx_it.o
                0x080035d4                EXTI0_IRQHandler
 .text.EXTI1_IRQHandler
                0x080035e2        0xe ./Core/Src/stm32f3xx_it.o
                0x080035e2                EXTI1_IRQHandler
 .text.EXTI9_5_IRQHandler
                0x080035f0        0xe ./Core/Src/stm32f3xx_it.o
                0x080035f0                EXTI9_5_IRQHandler
 *fill*         0x080035fe        0x2 
 .text.TIM4_IRQHandler
                0x08003600       0x14 ./Core/Src/stm32f3xx_it.o
                0x08003600                TIM4_IRQHandler
 .text.USART1_IRQHandler
                0x08003614       0x18 ./Core/Src/stm32f3xx_it.o
                0x08003614                USART1_IRQHandler
 .text.EXTI15_10_IRQHandler
                0x0800362c       0x10 ./Core/Src/stm32f3xx_it.o
                0x0800362c                EXTI15_10_IRQHandler
 .text.TIM7_IRQHandler
                0x0800363c       0x14 ./Core/Src/stm32f3xx_it.o
                0x0800363c                TIM7_IRQHandler
 .text.DMA2_Channel5_IRQHandler
                0x08003650       0x14 ./Core/Src/stm32f3xx_it.o
                0x08003650                DMA2_Channel5_IRQHandler
 .text._getpid  0x08003664       0x10 ./Core/Src/syscalls.o
                0x08003664                _getpid
 .text._kill    0x08003674       0x20 ./Core/Src/syscalls.o
                0x08003674                _kill
 .text._exit    0x08003694       0x16 ./Core/Src/syscalls.o
                0x08003694                _exit
 .text._read    0x080036aa       0x3a ./Core/Src/syscalls.o
                0x080036aa                _read
 .text._write   0x080036e4       0x38 ./Core/Src/syscalls.o
                0x080036e4                _write
 .text._close   0x0800371c       0x18 ./Core/Src/syscalls.o
                0x0800371c                _close
 .text._fstat   0x08003734       0x20 ./Core/Src/syscalls.o
                0x08003734                _fstat
 .text._isatty  0x08003754       0x16 ./Core/Src/syscalls.o
                0x08003754                _isatty
 .text._lseek   0x0800376a       0x1a ./Core/Src/syscalls.o
                0x0800376a                _lseek
 .text._sbrk    0x08003784       0x6c ./Core/Src/sysmem.o
                0x08003784                _sbrk
 .text.SystemInit
                0x080037f0       0x24 ./Core/Src/system_stm32f3xx.o
                0x080037f0                SystemInit
 .text.Reset_Handler
                0x08003814       0x50 ./Core/Startup/startup_stm32f303retx.o
                0x08003814                Reset_Handler
 .text.Default_Handler
                0x08003864        0x2 ./Core/Startup/startup_stm32f303retx.o
                0x08003864                RTC_Alarm_IRQHandler
                0x08003864                TIM8_TRG_COM_IRQHandler
                0x08003864                TIM8_CC_IRQHandler
                0x08003864                SPI4_IRQHandler
                0x08003864                TIM1_CC_IRQHandler
                0x08003864                USB_HP_IRQHandler
                0x08003864                PVD_IRQHandler
                0x08003864                TAMP_STAMP_IRQHandler
                0x08003864                EXTI3_IRQHandler
                0x08003864                I2C3_ER_IRQHandler
                0x08003864                USB_HP_CAN_TX_IRQHandler
                0x08003864                I2C2_EV_IRQHandler
                0x08003864                FPU_IRQHandler
                0x08003864                TIM1_UP_TIM16_IRQHandler
                0x08003864                ADC1_2_IRQHandler
                0x08003864                SPI1_IRQHandler
                0x08003864                CAN_SCE_IRQHandler
                0x08003864                TIM6_DAC_IRQHandler
                0x08003864                TIM8_UP_IRQHandler
                0x08003864                DMA2_Channel2_IRQHandler
                0x08003864                DMA1_Channel4_IRQHandler
                0x08003864                TIM20_TRG_COM_IRQHandler
                0x08003864                USART3_IRQHandler
                0x08003864                DMA1_Channel7_IRQHandler
                0x08003864                UART5_IRQHandler
                0x08003864                ADC3_IRQHandler
                0x08003864                CAN_RX1_IRQHandler
                0x08003864                DMA2_Channel1_IRQHandler
                0x08003864                I2C1_EV_IRQHandler
                0x08003864                DMA1_Channel6_IRQHandler
                0x08003864                UART4_IRQHandler
                0x08003864                DMA2_Channel4_IRQHandler
                0x08003864                TIM3_IRQHandler
                0x08003864                RCC_IRQHandler
                0x08003864                TIM20_UP_IRQHandler
                0x08003864                DMA1_Channel1_IRQHandler
                0x08003864                Default_Handler
                0x08003864                USBWakeUp_RMP_IRQHandler
                0x08003864                I2C3_EV_IRQHandler
                0x08003864                RTC_WKUP_IRQHandler
                0x08003864                SPI2_IRQHandler
                0x08003864                USB_LP_CAN_RX0_IRQHandler
                0x08003864                DMA1_Channel5_IRQHandler
                0x08003864                USB_LP_IRQHandler
                0x08003864                EXTI4_IRQHandler
                0x08003864                TIM1_TRG_COM_TIM17_IRQHandler
                0x08003864                DMA1_Channel3_IRQHandler
                0x08003864                ADC4_IRQHandler
                0x08003864                WWDG_IRQHandler
                0x08003864                TIM2_IRQHandler
                0x08003864                COMP7_IRQHandler
                0x08003864                COMP1_2_3_IRQHandler
                0x08003864                USART2_IRQHandler
                0x08003864                COMP4_5_6_IRQHandler
                0x08003864                TIM20_BRK_IRQHandler
                0x08003864                I2C2_ER_IRQHandler
                0x08003864                DMA1_Channel2_IRQHandler
                0x08003864                TIM8_BRK_IRQHandler
                0x08003864                FLASH_IRQHandler
                0x08003864                TIM20_CC_IRQHandler
                0x08003864                SPI3_IRQHandler
                0x08003864                I2C1_ER_IRQHandler
                0x08003864                FMC_IRQHandler
                0x08003864                USBWakeUp_IRQHandler
                0x08003864                DMA2_Channel3_IRQHandler
                0x08003864                EXTI2_TSC_IRQHandler
                0x08003864                TIM1_BRK_TIM15_IRQHandler
 *fill*         0x08003866        0x2 
 .text.HAL_Init
                0x08003868       0x2c ./Drivers/STM32F3xx_HAL_Driver/Src/stm32f3xx_hal.o
                0x08003868                HAL_Init
 .text.HAL_InitTick
                0x08003894       0x60 ./Drivers/STM32F3xx_HAL_Driver/Src/stm32f3xx_hal.o
                0x08003894                HAL_InitTick
 .text.HAL_IncTick
                0x080038f4       0x28 ./Drivers/STM32F3xx_HAL_Driver/Src/stm32f3xx_hal.o
                0x080038f4                HAL_IncTick
 .text.HAL_GetTick
                0x0800391c       0x18 ./Drivers/STM32F3xx_HAL_Driver/Src/stm32f3xx_hal.o
                0x0800391c                HAL_GetTick
 .text.HAL_Delay
                0x08003934       0x48 ./Drivers/STM32F3xx_HAL_Driver/Src/stm32f3xx_hal.o
                0x08003934                HAL_Delay
 .text.HAL_SuspendTick
                0x0800397c       0x20 ./Drivers/STM32F3xx_HAL_Driver/Src/stm32f3xx_hal.o
                0x0800397c                HAL_SuspendTick
 .text.HAL_ResumeTick
                0x0800399c       0x20 ./Drivers/STM32F3xx_HAL_Driver/Src/stm32f3xx_hal.o
                0x0800399c                HAL_ResumeTick
 .text.HAL_ADC_ConvHalfCpltCallback
                0x080039bc       0x14 ./Drivers/STM32F3xx_HAL_Driver/Src/stm32f3xx_hal_adc.o
                0x080039bc                HAL_ADC_ConvHalfCpltCallback
 .text.HAL_ADC_ErrorCallback
                0x080039d0       0x14 ./Drivers/STM32F3xx_HAL_Driver/Src/stm32f3xx_hal_adc.o
                0x080039d0                HAL_ADC_ErrorCallback
 .text.HAL_ADC_Init
                0x080039e4      0x3f4 ./Drivers/STM32F3xx_HAL_Driver/Src/stm32f3xx_hal_adc_ex.o
                0x080039e4                HAL_ADC_Init
 .text.HAL_ADC_Start
                0x08003dd8      0x22c ./Drivers/STM32F3xx_HAL_Driver/Src/stm32f3xx_hal_adc_ex.o
                0x08003dd8                HAL_ADC_Start
 .text.HAL_ADC_Stop
                0x08004004       0x6a ./Drivers/STM32F3xx_HAL_Driver/Src/stm32f3xx_hal_adc_ex.o
                0x08004004                HAL_ADC_Stop
 *fill*         0x0800406e        0x2 
 .text.HAL_ADC_PollForConversion
                0x08004070      0x204 ./Drivers/STM32F3xx_HAL_Driver/Src/stm32f3xx_hal_adc_ex.o
                0x08004070                HAL_ADC_PollForConversion
 .text.HAL_ADC_Start_DMA
                0x08004274      0x238 ./Drivers/STM32F3xx_HAL_Driver/Src/stm32f3xx_hal_adc_ex.o
                0x08004274                HAL_ADC_Start_DMA
 .text.HAL_ADC_GetValue
                0x080044ac       0x1a ./Drivers/STM32F3xx_HAL_Driver/Src/stm32f3xx_hal_adc_ex.o
                0x080044ac                HAL_ADC_GetValue
 .text.HAL_ADCEx_Calibration_Start
                0x080044c6       0xe4 ./Drivers/STM32F3xx_HAL_Driver/Src/stm32f3xx_hal_adc_ex.o
                0x080044c6                HAL_ADCEx_Calibration_Start
 *fill*         0x080045aa        0x2 
 .text.HAL_ADC_ConfigChannel
                0x080045ac      0x5d4 ./Drivers/STM32F3xx_HAL_Driver/Src/stm32f3xx_hal_adc_ex.o
                0x080045ac                HAL_ADC_ConfigChannel
 .text.HAL_ADCEx_MultiModeConfigChannel
                0x08004b80      0x1e4 ./Drivers/STM32F3xx_HAL_Driver/Src/stm32f3xx_hal_adc_ex.o
                0x08004b80                HAL_ADCEx_MultiModeConfigChannel
 .text.ADC_DMAConvCplt
                0x08004d64       0x7a ./Drivers/STM32F3xx_HAL_Driver/Src/stm32f3xx_hal_adc_ex.o
 .text.ADC_DMAHalfConvCplt
                0x08004dde       0x1c ./Drivers/STM32F3xx_HAL_Driver/Src/stm32f3xx_hal_adc_ex.o
 .text.ADC_DMAError
                0x08004dfa       0x34 ./Drivers/STM32F3xx_HAL_Driver/Src/stm32f3xx_hal_adc_ex.o
 *fill*         0x08004e2e        0x2 
 .text.ADC_Enable
                0x08004e30       0xc8 ./Drivers/STM32F3xx_HAL_Driver/Src/stm32f3xx_hal_adc_ex.o
 .text.ADC_Disable
                0x08004ef8       0xcc ./Drivers/STM32F3xx_HAL_Driver/Src/stm32f3xx_hal_adc_ex.o
 .text.ADC_ConversionStop
                0x08004fc4      0x16c ./Drivers/STM32F3xx_HAL_Driver/Src/stm32f3xx_hal_adc_ex.o
 .text.__NVIC_SetPriorityGrouping
                0x08005130       0x48 ./Drivers/STM32F3xx_HAL_Driver/Src/stm32f3xx_hal_cortex.o
 .text.__NVIC_GetPriorityGrouping
                0x08005178       0x1c ./Drivers/STM32F3xx_HAL_Driver/Src/stm32f3xx_hal_cortex.o
 .text.__NVIC_EnableIRQ
                0x08005194       0x3c ./Drivers/STM32F3xx_HAL_Driver/Src/stm32f3xx_hal_cortex.o
 .text.__NVIC_SetPriority
                0x080051d0       0x54 ./Drivers/STM32F3xx_HAL_Driver/Src/stm32f3xx_hal_cortex.o
 .text.NVIC_EncodePriority
                0x08005224       0x66 ./Drivers/STM32F3xx_HAL_Driver/Src/stm32f3xx_hal_cortex.o
 *fill*         0x0800528a        0x2 
 .text.SysTick_Config
                0x0800528c       0x44 ./Drivers/STM32F3xx_HAL_Driver/Src/stm32f3xx_hal_cortex.o
 .text.HAL_NVIC_SetPriorityGrouping
                0x080052d0       0x16 ./Drivers/STM32F3xx_HAL_Driver/Src/stm32f3xx_hal_cortex.o
                0x080052d0                HAL_NVIC_SetPriorityGrouping
 .text.HAL_NVIC_SetPriority
                0x080052e6       0x38 ./Drivers/STM32F3xx_HAL_Driver/Src/stm32f3xx_hal_cortex.o
                0x080052e6                HAL_NVIC_SetPriority
 .text.HAL_NVIC_EnableIRQ
                0x0800531e       0x1c ./Drivers/STM32F3xx_HAL_Driver/Src/stm32f3xx_hal_cortex.o
                0x0800531e                HAL_NVIC_EnableIRQ
 .text.HAL_SYSTICK_Config
                0x0800533a       0x18 ./Drivers/STM32F3xx_HAL_Driver/Src/stm32f3xx_hal_cortex.o
                0x0800533a                HAL_SYSTICK_Config
 .text.HAL_DMA_Init
                0x08005352       0x8e ./Drivers/STM32F3xx_HAL_Driver/Src/stm32f3xx_hal_dma.o
                0x08005352                HAL_DMA_Init
 .text.HAL_DMA_Start_IT
                0x080053e0       0xbe ./Drivers/STM32F3xx_HAL_Driver/Src/stm32f3xx_hal_dma.o
                0x080053e0                HAL_DMA_Start_IT
 .text.HAL_DMA_Abort
                0x0800549e       0x7c ./Drivers/STM32F3xx_HAL_Driver/Src/stm32f3xx_hal_dma.o
                0x0800549e                HAL_DMA_Abort
 .text.HAL_DMA_Abort_IT
                0x0800551a       0x7c ./Drivers/STM32F3xx_HAL_Driver/Src/stm32f3xx_hal_dma.o
                0x0800551a                HAL_DMA_Abort_IT
 .text.HAL_DMA_IRQHandler
                0x08005596      0x146 ./Drivers/STM32F3xx_HAL_Driver/Src/stm32f3xx_hal_dma.o
                0x08005596                HAL_DMA_IRQHandler
 .text.DMA_SetConfig
                0x080056dc       0x5c ./Drivers/STM32F3xx_HAL_Driver/Src/stm32f3xx_hal_dma.o
 .text.DMA_CalcBaseAndBitshift
                0x08005738       0x78 ./Drivers/STM32F3xx_HAL_Driver/Src/stm32f3xx_hal_dma.o
 .text.HAL_GPIO_Init
                0x080057b0      0x314 ./Drivers/STM32F3xx_HAL_Driver/Src/stm32f3xx_hal_gpio.o
                0x080057b0                HAL_GPIO_Init
 .text.HAL_GPIO_ReadPin
                0x08005ac4       0x30 ./Drivers/STM32F3xx_HAL_Driver/Src/stm32f3xx_hal_gpio.o
                0x08005ac4                HAL_GPIO_ReadPin
 .text.HAL_GPIO_WritePin
                0x08005af4       0x30 ./Drivers/STM32F3xx_HAL_Driver/Src/stm32f3xx_hal_gpio.o
                0x08005af4                HAL_GPIO_WritePin
 .text.HAL_GPIO_EXTI_IRQHandler
                0x08005b24       0x30 ./Drivers/STM32F3xx_HAL_Driver/Src/stm32f3xx_hal_gpio.o
                0x08005b24                HAL_GPIO_EXTI_IRQHandler
 .text.HAL_I2C_Init
                0x08005b54      0x136 ./Drivers/STM32F3xx_HAL_Driver/Src/stm32f3xx_hal_i2c.o
                0x08005b54                HAL_I2C_Init
 *fill*         0x08005c8a        0x2 
 .text.HAL_I2C_Master_Transmit
                0x08005c8c      0x230 ./Drivers/STM32F3xx_HAL_Driver/Src/stm32f3xx_hal_i2c.o
                0x08005c8c                HAL_I2C_Master_Transmit
 .text.HAL_I2C_Master_Receive
                0x08005ebc      0x1ec ./Drivers/STM32F3xx_HAL_Driver/Src/stm32f3xx_hal_i2c.o
                0x08005ebc                HAL_I2C_Master_Receive
 .text.HAL_I2C_Mem_Write
                0x080060a8      0x228 ./Drivers/STM32F3xx_HAL_Driver/Src/stm32f3xx_hal_i2c.o
                0x080060a8                HAL_I2C_Mem_Write
 .text.I2C_RequestMemoryWrite
                0x080062d0       0xa8 ./Drivers/STM32F3xx_HAL_Driver/Src/stm32f3xx_hal_i2c.o
 .text.I2C_Flush_TXDR
                0x08006378       0x48 ./Drivers/STM32F3xx_HAL_Driver/Src/stm32f3xx_hal_i2c.o
 .text.I2C_WaitOnFlagUntilTimeout
                0x080063c0       0xb2 ./Drivers/STM32F3xx_HAL_Driver/Src/stm32f3xx_hal_i2c.o
 .text.I2C_WaitOnTXISFlagUntilTimeout
                0x08006472       0x8e ./Drivers/STM32F3xx_HAL_Driver/Src/stm32f3xx_hal_i2c.o
 .text.I2C_WaitOnSTOPFlagUntilTimeout
                0x08006500       0x86 ./Drivers/STM32F3xx_HAL_Driver/Src/stm32f3xx_hal_i2c.o
 *fill*         0x08006586        0x2 
 .text.I2C_WaitOnRXNEFlagUntilTimeout
                0x08006588      0x118 ./Drivers/STM32F3xx_HAL_Driver/Src/stm32f3xx_hal_i2c.o
 .text.I2C_IsErrorOccurred
                0x080066a0      0x1c0 ./Drivers/STM32F3xx_HAL_Driver/Src/stm32f3xx_hal_i2c.o
 .text.I2C_TransferConfig
                0x08006860       0x64 ./Drivers/STM32F3xx_HAL_Driver/Src/stm32f3xx_hal_i2c.o
 .text.HAL_I2CEx_ConfigAnalogFilter
                0x080068c4       0x96 ./Drivers/STM32F3xx_HAL_Driver/Src/stm32f3xx_hal_i2c_ex.o
                0x080068c4                HAL_I2CEx_ConfigAnalogFilter
 .text.HAL_I2CEx_ConfigDigitalFilter
                0x0800695a       0x98 ./Drivers/STM32F3xx_HAL_Driver/Src/stm32f3xx_hal_i2c_ex.o
                0x0800695a                HAL_I2CEx_ConfigDigitalFilter
 *fill*         0x080069f2        0x2 
 .text.HAL_PWR_EnterSLEEPMode
                0x080069f4       0x38 ./Drivers/STM32F3xx_HAL_Driver/Src/stm32f3xx_hal_pwr.o
                0x080069f4                HAL_PWR_EnterSLEEPMode
 .text.HAL_RCC_OscConfig
                0x08006a2c     0x10a8 ./Drivers/STM32F3xx_HAL_Driver/Src/stm32f3xx_hal_rcc.o
                0x08006a2c                HAL_RCC_OscConfig
 .text.HAL_RCC_ClockConfig
                0x08007ad4      0x2f8 ./Drivers/STM32F3xx_HAL_Driver/Src/stm32f3xx_hal_rcc.o
                0x08007ad4                HAL_RCC_ClockConfig
 .text.HAL_RCC_GetSysClockFreq
                0x08007dcc       0xa8 ./Drivers/STM32F3xx_HAL_Driver/Src/stm32f3xx_hal_rcc.o
                0x08007dcc                HAL_RCC_GetSysClockFreq
 .text.HAL_RCC_GetHCLKFreq
                0x08007e74       0x18 ./Drivers/STM32F3xx_HAL_Driver/Src/stm32f3xx_hal_rcc.o
                0x08007e74                HAL_RCC_GetHCLKFreq
 .text.HAL_RCC_GetPCLK1Freq
                0x08007e8c       0x44 ./Drivers/STM32F3xx_HAL_Driver/Src/stm32f3xx_hal_rcc.o
                0x08007e8c                HAL_RCC_GetPCLK1Freq
 .text.HAL_RCC_GetPCLK2Freq
                0x08007ed0       0x44 ./Drivers/STM32F3xx_HAL_Driver/Src/stm32f3xx_hal_rcc.o
                0x08007ed0                HAL_RCC_GetPCLK2Freq
 .text.HAL_RCCEx_PeriphCLKConfig
                0x08007f14      0x43c ./Drivers/STM32F3xx_HAL_Driver/Src/stm32f3xx_hal_rcc_ex.o
                0x08007f14                HAL_RCCEx_PeriphCLKConfig
 .text.HAL_SPI_Init
                0x08008350      0x156 ./Drivers/STM32F3xx_HAL_Driver/Src/stm32f3xx_hal_spi.o
                0x08008350                HAL_SPI_Init
 .text.HAL_SPI_Transmit
                0x080084a6      0x2ea ./Drivers/STM32F3xx_HAL_Driver/Src/stm32f3xx_hal_spi.o
                0x080084a6                HAL_SPI_Transmit
 .text.HAL_SPI_Receive
                0x08008790      0x26e ./Drivers/STM32F3xx_HAL_Driver/Src/stm32f3xx_hal_spi.o
                0x08008790                HAL_SPI_Receive
 .text.HAL_SPI_TransmitReceive
                0x080089fe      0x444 ./Drivers/STM32F3xx_HAL_Driver/Src/stm32f3xx_hal_spi.o
                0x080089fe                HAL_SPI_TransmitReceive
 *fill*         0x08008e42        0x2 
 .text.SPI_WaitFlagStateUntilTimeout
                0x08008e44      0x110 ./Drivers/STM32F3xx_HAL_Driver/Src/stm32f3xx_hal_spi.o
 .text.SPI_WaitFifoStateUntilTimeout
                0x08008f54      0x12c ./Drivers/STM32F3xx_HAL_Driver/Src/stm32f3xx_hal_spi.o
 .text.SPI_EndRxTransaction
                0x08009080       0xb0 ./Drivers/STM32F3xx_HAL_Driver/Src/stm32f3xx_hal_spi.o
 .text.SPI_EndRxTxTransaction
                0x08009130       0x8c ./Drivers/STM32F3xx_HAL_Driver/Src/stm32f3xx_hal_spi.o
 .text.HAL_TIM_Base_Init
                0x080091bc       0xae ./Drivers/STM32F3xx_HAL_Driver/Src/stm32f3xx_hal_tim.o
                0x080091bc                HAL_TIM_Base_Init
 *fill*         0x0800926a        0x2 
 .text.HAL_TIM_Base_Start_IT
                0x0800926c       0xe0 ./Drivers/STM32F3xx_HAL_Driver/Src/stm32f3xx_hal_tim.o
                0x0800926c                HAL_TIM_Base_Start_IT
 .text.HAL_TIM_OC_Init
                0x0800934c       0xae ./Drivers/STM32F3xx_HAL_Driver/Src/stm32f3xx_hal_tim.o
                0x0800934c                HAL_TIM_OC_Init
 .text.HAL_TIM_PWM_Init
                0x080093fa       0xae ./Drivers/STM32F3xx_HAL_Driver/Src/stm32f3xx_hal_tim.o
                0x080093fa                HAL_TIM_PWM_Init
 .text.HAL_TIM_PWM_MspInit
                0x080094a8       0x14 ./Drivers/STM32F3xx_HAL_Driver/Src/stm32f3xx_hal_tim.o
                0x080094a8                HAL_TIM_PWM_MspInit
 .text.HAL_TIM_PWM_Start
                0x080094bc      0x218 ./Drivers/STM32F3xx_HAL_Driver/Src/stm32f3xx_hal_tim.o
                0x080094bc                HAL_TIM_PWM_Start
 .text.HAL_TIM_IRQHandler
                0x080096d4      0x204 ./Drivers/STM32F3xx_HAL_Driver/Src/stm32f3xx_hal_tim.o
                0x080096d4                HAL_TIM_IRQHandler
 .text.HAL_TIM_OC_ConfigChannel
                0x080098d8       0xf4 ./Drivers/STM32F3xx_HAL_Driver/Src/stm32f3xx_hal_tim.o
                0x080098d8                HAL_TIM_OC_ConfigChannel
 .text.HAL_TIM_PWM_ConfigChannel
                0x080099cc      0x228 ./Drivers/STM32F3xx_HAL_Driver/Src/stm32f3xx_hal_tim.o
                0x080099cc                HAL_TIM_PWM_ConfigChannel
 .text.HAL_TIM_ConfigClockSource
                0x08009bf4      0x192 ./Drivers/STM32F3xx_HAL_Driver/Src/stm32f3xx_hal_tim.o
                0x08009bf4                HAL_TIM_ConfigClockSource
 .text.HAL_TIM_OC_DelayElapsedCallback
                0x08009d86       0x14 ./Drivers/STM32F3xx_HAL_Driver/Src/stm32f3xx_hal_tim.o
                0x08009d86                HAL_TIM_OC_DelayElapsedCallback
 .text.HAL_TIM_IC_CaptureCallback
                0x08009d9a       0x14 ./Drivers/STM32F3xx_HAL_Driver/Src/stm32f3xx_hal_tim.o
                0x08009d9a                HAL_TIM_IC_CaptureCallback
 .text.HAL_TIM_PWM_PulseFinishedCallback
                0x08009dae       0x14 ./Drivers/STM32F3xx_HAL_Driver/Src/stm32f3xx_hal_tim.o
                0x08009dae                HAL_TIM_PWM_PulseFinishedCallback
 .text.HAL_TIM_TriggerCallback
                0x08009dc2       0x14 ./Drivers/STM32F3xx_HAL_Driver/Src/stm32f3xx_hal_tim.o
                0x08009dc2                HAL_TIM_TriggerCallback
 *fill*         0x08009dd6        0x2 
 .text.TIM_Base_SetConfig
                0x08009dd8      0x154 ./Drivers/STM32F3xx_HAL_Driver/Src/stm32f3xx_hal_tim.o
                0x08009dd8                TIM_Base_SetConfig
 .text.TIM_OC1_SetConfig
                0x08009f2c      0x134 ./Drivers/STM32F3xx_HAL_Driver/Src/stm32f3xx_hal_tim.o
 .text.TIM_OC2_SetConfig
                0x0800a060      0x128 ./Drivers/STM32F3xx_HAL_Driver/Src/stm32f3xx_hal_tim.o
                0x0800a060                TIM_OC2_SetConfig
 .text.TIM_OC3_SetConfig
                0x0800a188      0x124 ./Drivers/STM32F3xx_HAL_Driver/Src/stm32f3xx_hal_tim.o
 .text.TIM_OC4_SetConfig
                0x0800a2ac       0xe0 ./Drivers/STM32F3xx_HAL_Driver/Src/stm32f3xx_hal_tim.o
 .text.TIM_OC5_SetConfig
                0x0800a38c       0xd4 ./Drivers/STM32F3xx_HAL_Driver/Src/stm32f3xx_hal_tim.o
 .text.TIM_OC6_SetConfig
                0x0800a460       0xd8 ./Drivers/STM32F3xx_HAL_Driver/Src/stm32f3xx_hal_tim.o
 .text.TIM_TI1_ConfigInputStage
                0x0800a538       0x5e ./Drivers/STM32F3xx_HAL_Driver/Src/stm32f3xx_hal_tim.o
 .text.TIM_TI2_ConfigInputStage
                0x0800a596       0x60 ./Drivers/STM32F3xx_HAL_Driver/Src/stm32f3xx_hal_tim.o
 .text.TIM_ITRx_SetConfig
                0x0800a5f6       0x36 ./Drivers/STM32F3xx_HAL_Driver/Src/stm32f3xx_hal_tim.o
 .text.TIM_ETR_SetConfig
                0x0800a62c       0x40 ./Drivers/STM32F3xx_HAL_Driver/Src/stm32f3xx_hal_tim.o
                0x0800a62c                TIM_ETR_SetConfig
 .text.TIM_CCxChannelCmd
                0x0800a66c       0x4a ./Drivers/STM32F3xx_HAL_Driver/Src/stm32f3xx_hal_tim.o
                0x0800a66c                TIM_CCxChannelCmd
 *fill*         0x0800a6b6        0x2 
 .text.HAL_TIMEx_MasterConfigSynchronization
                0x0800a6b8      0x118 ./Drivers/STM32F3xx_HAL_Driver/Src/stm32f3xx_hal_tim_ex.o
                0x0800a6b8                HAL_TIMEx_MasterConfigSynchronization
 .text.HAL_TIMEx_CommutCallback
                0x0800a7d0       0x14 ./Drivers/STM32F3xx_HAL_Driver/Src/stm32f3xx_hal_tim_ex.o
                0x0800a7d0                HAL_TIMEx_CommutCallback
 .text.HAL_TIMEx_BreakCallback
                0x0800a7e4       0x14 ./Drivers/STM32F3xx_HAL_Driver/Src/stm32f3xx_hal_tim_ex.o
                0x0800a7e4                HAL_TIMEx_BreakCallback
 .text.HAL_TIMEx_Break2Callback
                0x0800a7f8       0x14 ./Drivers/STM32F3xx_HAL_Driver/Src/stm32f3xx_hal_tim_ex.o
                0x0800a7f8                HAL_TIMEx_Break2Callback
 .text.HAL_UART_Init
                0x0800a80c       0x9c ./Drivers/STM32F3xx_HAL_Driver/Src/stm32f3xx_hal_uart.o
                0x0800a80c                HAL_UART_Init
 .text.HAL_UART_Transmit
                0x0800a8a8      0x112 ./Drivers/STM32F3xx_HAL_Driver/Src/stm32f3xx_hal_uart.o
                0x0800a8a8                HAL_UART_Transmit
 *fill*         0x0800a9ba        0x2 
 .text.HAL_UART_IRQHandler
                0x0800a9bc      0x5cc ./Drivers/STM32F3xx_HAL_Driver/Src/stm32f3xx_hal_uart.o
                0x0800a9bc                HAL_UART_IRQHandler
 .text.HAL_UART_TxCpltCallback
                0x0800af88       0x14 ./Drivers/STM32F3xx_HAL_Driver/Src/stm32f3xx_hal_uart.o
                0x0800af88                HAL_UART_TxCpltCallback
 .text.HAL_UART_ErrorCallback
                0x0800af9c       0x14 ./Drivers/STM32F3xx_HAL_Driver/Src/stm32f3xx_hal_uart.o
                0x0800af9c                HAL_UART_ErrorCallback
 .text.HAL_UARTEx_RxEventCallback
                0x0800afb0       0x18 ./Drivers/STM32F3xx_HAL_Driver/Src/stm32f3xx_hal_uart.o
                0x0800afb0                HAL_UARTEx_RxEventCallback
 .text.UART_SetConfig
                0x0800afc8      0x3a8 ./Drivers/STM32F3xx_HAL_Driver/Src/stm32f3xx_hal_uart.o
                0x0800afc8                UART_SetConfig
 .text.UART_AdvFeatureConfig
                0x0800b370      0x144 ./Drivers/STM32F3xx_HAL_Driver/Src/stm32f3xx_hal_uart.o
                0x0800b370                UART_AdvFeatureConfig
 .text.UART_CheckIdleState
                0x0800b4b4      0x150 ./Drivers/STM32F3xx_HAL_Driver/Src/stm32f3xx_hal_uart.o
                0x0800b4b4                UART_CheckIdleState
 .text.UART_WaitOnFlagUntilTimeout
                0x0800b604       0xda ./Drivers/STM32F3xx_HAL_Driver/Src/stm32f3xx_hal_uart.o
                0x0800b604                UART_WaitOnFlagUntilTimeout
 .text.UART_EndRxTransfer
                0x0800b6de       0xc8 ./Drivers/STM32F3xx_HAL_Driver/Src/stm32f3xx_hal_uart.o
 .text.UART_DMAAbortOnError
                0x0800b7a6       0x2c ./Drivers/STM32F3xx_HAL_Driver/Src/stm32f3xx_hal_uart.o
 .text.UART_EndTransmit_IT
                0x0800b7d2       0x54 ./Drivers/STM32F3xx_HAL_Driver/Src/stm32f3xx_hal_uart.o
 .text.HAL_UARTEx_WakeupCallback
                0x0800b826       0x14 ./Drivers/STM32F3xx_HAL_Driver/Src/stm32f3xx_hal_uart_ex.o
                0x0800b826                HAL_UARTEx_WakeupCallback
 .text.table_get_u1
                0x0800b83a       0x1e ./aes/lmic.o
                0x0800b83a                table_get_u1
 .text.table_get_s1
                0x0800b858       0x20 ./aes/lmic.o
                0x0800b858                table_get_s1
 .text.table_get_u2
                0x0800b878       0x20 ./aes/lmic.o
                0x0800b878                table_get_u2
 .text.table_get_u4
                0x0800b898       0x20 ./aes/lmic.o
                0x0800b898                table_get_u4
 .text.table_get_ostime
                0x0800b8b8       0x20 ./aes/lmic.o
                0x0800b8b8                table_get_ostime
 .text.aesroundkeys
                0x0800b8d8      0x108 ./aes/lmic.o
 .text.os_aes   0x0800b9e0      0xa4c ./aes/lmic.o
                0x0800b9e0                os_aes
 .text.getSf    0x0800c42c       0x20 ./lmic/lmic.o
                0x0800c42c                getSf
 .text.getBw    0x0800c44c       0x24 ./lmic/lmic.o
                0x0800c44c                getBw
 .text.getCr    0x0800c470       0x24 ./lmic/lmic.o
                0x0800c470                getCr
 .text.setCr    0x0800c494       0x32 ./lmic/lmic.o
                0x0800c494                setCr
 .text.getNocrc
                0x0800c4c6       0x20 ./lmic/lmic.o
                0x0800c4c6                getNocrc
 .text.setNocrc
                0x0800c4e6       0x2e ./lmic/lmic.o
                0x0800c4e6                setNocrc
 .text.getIh    0x0800c514       0x1e ./lmic/lmic.o
                0x0800c514                getIh
 .text.setIh    0x0800c532       0x2c ./lmic/lmic.o
                0x0800c532                setIh
 *fill*         0x0800c55e        0x2 
 .text.updr2rps
                0x0800c560       0x24 ./lmic/lmic.o
                0x0800c560                updr2rps
 .text.dndr2rps
                0x0800c584       0x26 ./lmic/lmic.o
                0x0800c584                dndr2rps
 *fill*         0x0800c5aa        0x2 
 .text.decDR    0x0800c5ac       0x30 ./lmic/lmic.o
                0x0800c5ac                decDR
 .text.validDR  0x0800c5dc       0x30 ./lmic/lmic.o
                0x0800c5dc                validDR
 .text.lowerDR  0x0800c60c       0x32 ./lmic/lmic.o
                0x0800c60c                lowerDR
 .text.os_rlsbf2
                0x0800c63e       0x2a ./lmic/lmic.o
                0x0800c63e                os_rlsbf2
 .text.os_rlsbf4
                0x0800c668       0x38 ./lmic/lmic.o
                0x0800c668                os_rlsbf4
 .text.os_rmsbf4
                0x0800c6a0       0x38 ./lmic/lmic.o
                0x0800c6a0                os_rmsbf4
 .text.os_wlsbf2
                0x0800c6d8       0x2e ./lmic/lmic.o
                0x0800c6d8                os_wlsbf2
 .text.os_wlsbf4
                0x0800c706       0x42 ./lmic/lmic.o
                0x0800c706                os_wlsbf4
 .text.os_wmsbf4
                0x0800c748       0x42 ./lmic/lmic.o
                0x0800c748                os_wmsbf4
 .text.os_getBattLevel
                0x0800c78a       0x10 ./lmic/lmic.o
                0x0800c78a                os_getBattLevel
 .text.os_crc16
                0x0800c79a       0x7e ./lmic/lmic.o
                0x0800c79a                os_crc16
 .text.micB0    0x0800c818       0x68 ./lmic/lmic.o
 .text.aes_verifyMic
                0x0800c880       0x58 ./lmic/lmic.o
 .text.aes_appendMic
                0x0800c8d8       0x50 ./lmic/lmic.o
 .text.aes_appendMic0
                0x0800c928       0x3c ./lmic/lmic.o
 .text.aes_verifyMic0
                0x0800c964       0x44 ./lmic/lmic.o
 .text.aes_encrypt
                0x0800c9a8       0x2c ./lmic/lmic.o
 .text.aes_cipher
                0x0800c9d4       0x88 ./lmic/lmic.o
 .text.aes_sessKeys
                0x0800ca5c       0x78 ./lmic/lmic.o
 .text.getSensitivity
                0x0800cad4       0x44 ./lmic/lmic.o
                0x0800cad4                getSensitivity
 .text.calcAirTime
                0x0800cb18      0x130 ./lmic/lmic.o
                0x0800cb18                calcAirTime
 .text.calcRxWindow
                0x0800cc48       0xb0 ./lmic/lmic.o
 .text.calcBcnRxWindowFromMillis
                0x0800ccf8      0x114 ./lmic/lmic.o
 .text.rxschedInit
                0x0800ce0c      0x14c ./lmic/lmic.o
 .text.rxschedNext
                0x0800cf58       0x9c ./lmic/lmic.o
 .text.rndDelay
                0x0800cff4       0x80 ./lmic/lmic.o
 .text.txDelay  0x0800d074       0x5c ./lmic/lmic.o
 .text.setDrJoin
                0x0800d0d0       0x28 ./lmic/lmic.o
 .text.setDrTxpow
                0x0800d0f8       0x5c ./lmic/lmic.o
 .text.initDefaultChannels
                0x0800d154      0x114 ./lmic/lmic.o
 .text.LMIC_setupChannel
                0x0800d268       0xf4 ./lmic/lmic.o
                0x0800d268                LMIC_setupChannel
 .text.convFreq
                0x0800d35c       0x44 ./lmic/lmic.o
 .text.mapChannels
                0x0800d3a0       0x94 ./lmic/lmic.o
 .text.updateTx
                0x0800d434       0x94 ./lmic/lmic.o
 .text.nextTx   0x0800d4c8      0x134 ./lmic/lmic.o
 .text.setBcnRxParams
                0x0800d5fc       0x4c ./lmic/lmic.o
 .text.initJoinLoop
                0x0800d648       0x74 ./lmic/lmic.o
 .text.nextJoinState
                0x0800d6bc       0xd0 ./lmic/lmic.o
 .text.runEngineUpdate
                0x0800d78c       0x14 ./lmic/lmic.o
 .text.reportEvent
                0x0800d7a0       0x1e ./lmic/lmic.o
 .text.runReset
                0x0800d7be       0x1e ./lmic/lmic.o
 .text.stateJustJoined
                0x0800d7dc       0xc0 ./lmic/lmic.o
 .text.decodeBeacon
                0x0800d89c      0x130 ./lmic/lmic.o
 .text.decodeFrame
                0x0800d9cc      0x768 ./lmic/lmic.o
 .text.setupRx2
                0x0800e134       0x40 ./lmic/lmic.o
 .text.schedRx12
                0x0800e174      0x100 ./lmic/lmic.o
 .text.setupRx1
                0x0800e274       0x44 ./lmic/lmic.o
 .text.txDone   0x0800e2b8       0x88 ./lmic/lmic.o
 .text.onJoinFailed
                0x0800e340       0x16 ./lmic/lmic.o
 *fill*         0x0800e356        0x2 
 .text.processJoinAccept
                0x0800e358      0x2b4 ./lmic/lmic.o
 .text.processRx2Jacc
                0x0800e60c       0x2c ./lmic/lmic.o
 .text.setupRx2Jacc
                0x0800e638       0x24 ./lmic/lmic.o
 .text.processRx1Jacc
                0x0800e65c       0x48 ./lmic/lmic.o
 .text.setupRx1Jacc
                0x0800e6a4       0x1c ./lmic/lmic.o
 .text.jreqDone
                0x0800e6c0       0x20 ./lmic/lmic.o
 .text.processRx2DnData
                0x0800e6e0       0x40 ./lmic/lmic.o
 .text.setupRx2DnData
                0x0800e720       0x24 ./lmic/lmic.o
 .text.processRx1DnData
                0x0800e744       0x58 ./lmic/lmic.o
 .text.setupRx1DnData
                0x0800e79c       0x1c ./lmic/lmic.o
 .text.updataDone
                0x0800e7b8       0x30 ./lmic/lmic.o
 .text.buildDataFrame
                0x0800e7e8      0x3d0 ./lmic/lmic.o
 .text.onBcnRx  0x0800ebb8       0xa8 ./lmic/lmic.o
 .text.startScan
                0x0800ec60       0xb8 ./lmic/lmic.o
 .text.buildJoinRequest
                0x0800ed18       0x6c ./lmic/lmic.o
 .text.startJoining
                0x0800ed84       0x16 ./lmic/lmic.o
 *fill*         0x0800ed9a        0x2 
 .text.LMIC_startJoining
                0x0800ed9c       0x90 ./lmic/lmic.o
                0x0800ed9c                LMIC_startJoining
 .text.processPingRx
                0x0800ee2c       0x3c ./lmic/lmic.o
 .text.processDnData
                0x0800ee68      0x1fc ./lmic/lmic.o
 .text.processBeacon
                0x0800f064      0x224 ./lmic/lmic.o
 .text.startRxPing
                0x0800f288       0x24 ./lmic/lmic.o
 .text.engineUpdate
                0x0800f2ac      0x358 ./lmic/lmic.o
 .text.LMIC_setDrTxpow
                0x0800f604       0x26 ./lmic/lmic.o
                0x0800f604                LMIC_setDrTxpow
 *fill*         0x0800f62a        0x2 
 .text.LMIC_reset
                0x0800f62c       0x9c ./lmic/lmic.o
                0x0800f62c                LMIC_reset
 .text.LMIC_init
                0x0800f6c8       0x1c ./lmic/lmic.o
                0x0800f6c8                LMIC_init
 .text.LMIC_setTxData
                0x0800f6e4       0x38 ./lmic/lmic.o
                0x0800f6e4                LMIC_setTxData
 .text.LMIC_setTxData2
                0x0800f71c       0x64 ./lmic/lmic.o
                0x0800f71c                LMIC_setTxData2
 .text.LMIC_setSession
                0x0800f780       0x98 ./lmic/lmic.o
                0x0800f780                LMIC_setSession
 .text.LMIC_setLinkCheckMode
                0x0800f818       0x38 ./lmic/lmic.o
                0x0800f818                LMIC_setLinkCheckMode
 .text.LMIC_setClockError
                0x0800f850       0x24 ./lmic/lmic.o
                0x0800f850                LMIC_setClockError
 .text.os_jobIsTimed
                0x0800f874       0x22 ./lmic/oslmic.o
 *fill*         0x0800f896        0x2 
 .text.os_init  0x0800f898       0x24 ./lmic/oslmic.o
                0x0800f898                os_init
 .text.os_getTime
                0x0800f8bc        0xe ./lmic/oslmic.o
                0x0800f8bc                os_getTime
 .text.unlinkjob
                0x0800f8ca       0x3e ./lmic/oslmic.o
 .text.getJobQueue
                0x0800f908       0x2c ./lmic/oslmic.o
 .text.os_clearCallback
                0x0800f934       0x28 ./lmic/oslmic.o
                0x0800f934                os_clearCallback
 .text.os_setCallback
                0x0800f95c       0x5c ./lmic/oslmic.o
                0x0800f95c                os_setCallback
 .text.os_setTimedCallback
                0x0800f9b8       0x7c ./lmic/oslmic.o
                0x0800f9b8                os_setTimedCallback
 .text.os_runloop
                0x0800fa34        0xa ./lmic/oslmic.o
                0x0800fa34                os_runloop
 *fill*         0x0800fa3e        0x2 
 .text.os_runloop_once
                0x0800fa40       0x74 ./lmic/oslmic.o
                0x0800fa40                os_runloop_once
 .text.writeReg
                0x0800fab4       0x3a ./lmic/radio.o
 .text.readReg  0x0800faee       0x38 ./lmic/radio.o
 .text.writeBuf
                0x0800fb26       0x54 ./lmic/radio.o
 .text.readBuf  0x0800fb7a       0x56 ./lmic/radio.o
 .text.opmode   0x0800fbd0       0x34 ./lmic/radio.o
 .text.opmodeLora
                0x0800fc04       0x24 ./lmic/radio.o
 .text.opmodeFSK
                0x0800fc28       0x24 ./lmic/radio.o
 .text.configLoraModem
                0x0800fc4c      0x168 ./lmic/radio.o
 .text.configChannel
                0x0800fdb4       0x7c ./lmic/radio.o
 .text.configPower
                0x0800fe30       0x60 ./lmic/radio.o
 .text.txfsk    0x0800fe90       0xe4 ./lmic/radio.o
 .text.txlora   0x0800ff74      0x164 ./lmic/radio.o
 .text.starttx  0x080100d8       0x44 ./lmic/radio.o
 .text.rxlora   0x0801011c      0x1dc ./lmic/radio.o
 .text.rxfsk    0x080102f8       0xf0 ./lmic/radio.o
 .text.startrx  0x080103e8       0x58 ./lmic/radio.o
 .text.radio_init
                0x08010440      0x178 ./lmic/radio.o
                0x08010440                radio_init
 .text.radio_rand1
                0x080105b8       0x58 ./lmic/radio.o
                0x080105b8                radio_rand1
 .text.radio_irq_handler
                0x08010610      0x1d0 ./lmic/radio.o
                0x08010610                radio_irq_handler
 .text.os_radio
                0x080107e0       0x58 ./lmic/radio.o
                0x080107e0                os_radio
 .text.printf   0x08010838       0x44 ./stm32/debug.o
                0x08010838                printf
 .text.debug_init
                0x0801087c       0x14 ./stm32/debug.o
                0x0801087c                debug_init
 .text.debug_char
                0x08010890       0x24 ./stm32/debug.o
                0x08010890                debug_char
 .text.debug_int
                0x080108b4       0x4a ./stm32/debug.o
                0x080108b4                debug_int
 *fill*         0x080108fe        0x2 
 .text.debug_str
                0x08010900       0x28 ./stm32/debug.o
                0x08010900                debug_str
 .text.debug_fmt
                0x08010928       0xf0 ./stm32/debug.o
                0x08010928                debug_fmt
 .text.debug_event
                0x08010a18       0x3c ./stm32/debug.o
                0x08010a18                debug_event
 .text.hal_io_init
                0x08010a54        0xe ./stm32/hal.o
 .text.hal_pin_rxtx
                0x08010a62       0x16 ./stm32/hal.o
                0x08010a62                hal_pin_rxtx
 .text.hal_pin_nss
                0x08010a78       0x24 ./stm32/hal.o
                0x08010a78                hal_pin_nss
 .text.hal_pin_rst
                0x08010a9c       0x24 ./stm32/hal.o
                0x08010a9c                hal_pin_rst
 .text.HAL_GPIO_EXTI_Callback
                0x08010ac0       0x80 ./stm32/hal.o
                0x08010ac0                HAL_GPIO_EXTI_Callback
 .text.hal_spi_init
                0x08010b40        0xe ./stm32/hal.o
 *fill*         0x08010b4e        0x2 
 .text.SPIWrite8bit
                0x08010b50       0x28 ./stm32/hal.o
                0x08010b50                SPIWrite8bit
 .text.SPIRead8bit
                0x08010b78       0x28 ./stm32/hal.o
                0x08010b78                SPIRead8bit
 .text.hal_time_init
                0x08010ba0        0xe ./stm32/hal.o
 *fill*         0x08010bae        0x2 
 .text.hal_ticks
                0x08010bb0       0x60 ./stm32/hal.o
                0x08010bb0                hal_ticks
 .text.deltaticks
                0x08010c10       0x3a ./stm32/hal.o
 .text.hal_waitUntil
                0x08010c4a       0x20 ./stm32/hal.o
                0x08010c4a                hal_waitUntil
 *fill*         0x08010c6a        0x2 
 .text.hal_checkTimer
                0x08010c6c       0x7c ./stm32/hal.o
                0x08010c6c                hal_checkTimer
 .text.HAL_TIM_PeriodElapsedCallback
                0x08010ce8       0x44 ./stm32/hal.o
                0x08010ce8                HAL_TIM_PeriodElapsedCallback
 .text.hal_disableIRQs
                0x08010d2c       0x20 ./stm32/hal.o
                0x08010d2c                hal_disableIRQs
 .text.hal_enableIRQs
                0x08010d4c       0x28 ./stm32/hal.o
                0x08010d4c                hal_enableIRQs
 .text.hal_sleep
                0x08010d74       0x14 ./stm32/hal.o
                0x08010d74                hal_sleep
 .text.hal_init
                0x08010d88       0x30 ./stm32/hal.o
                0x08010d88                hal_init
 .text.hal_failed
                0x08010db8       0x1a ./stm32/hal.o
                0x08010db8                hal_failed
 .text.__cvt    0x08010dd2       0xca C:/ST/STM32CubeIDE_1.16.1/STM32CubeIDE/plugins/com.st.stm32cube.ide.mcu.externaltools.gnu-tools-for-stm32.12.3.rel1.win32_1.0.200.202406191623/tools/bin/../lib/gcc/arm-none-eabi/12.3.1/../../../../arm-none-eabi/lib/thumb/v7e-m+fp/hard\libc_nano.a(libc_a-nano-vfprintf_float.o)
                0x08010dd2                __cvt
 .text.__exponent
                0x08010e9c       0x74 C:/ST/STM32CubeIDE_1.16.1/STM32CubeIDE/plugins/com.st.stm32cube.ide.mcu.externaltools.gnu-tools-for-stm32.12.3.rel1.win32_1.0.200.202406191623/tools/bin/../lib/gcc/arm-none-eabi/12.3.1/../../../../arm-none-eabi/lib/thumb/v7e-m+fp/hard\libc_nano.a(libc_a-nano-vfprintf_float.o)
                0x08010e9c                __exponent
 .text._printf_float
                0x08010f10      0x454 C:/ST/STM32CubeIDE_1.16.1/STM32CubeIDE/plugins/com.st.stm32cube.ide.mcu.externaltools.gnu-tools-for-stm32.12.3.rel1.win32_1.0.200.202406191623/tools/bin/../lib/gcc/arm-none-eabi/12.3.1/../../../../arm-none-eabi/lib/thumb/v7e-m+fp/hard\libc_nano.a(libc_a-nano-vfprintf_float.o)
                0x08010f10                _printf_float
 .text._printf_common
                0x08011364       0xda C:/ST/STM32CubeIDE_1.16.1/STM32CubeIDE/plugins/com.st.stm32cube.ide.mcu.externaltools.gnu-tools-for-stm32.12.3.rel1.win32_1.0.200.202406191623/tools/bin/../lib/gcc/arm-none-eabi/12.3.1/../../../../arm-none-eabi/lib/thumb/v7e-m+fp/hard\libc_nano.a(libc_a-nano-vfprintf_i.o)
                0x08011364                _printf_common
 *fill*         0x0801143e        0x2 
 .text._printf_i
                0x08011440      0x240 C:/ST/STM32CubeIDE_1.16.1/STM32CubeIDE/plugins/com.st.stm32cube.ide.mcu.externaltools.gnu-tools-for-stm32.12.3.rel1.win32_1.0.200.202406191623/tools/bin/../lib/gcc/arm-none-eabi/12.3.1/../../../../arm-none-eabi/lib/thumb/v7e-m+fp/hard\libc_nano.a(libc_a-nano-vfprintf_i.o)
                0x08011440                _printf_i
 .text.std      0x08011680       0x6c C:/ST/STM32CubeIDE_1.16.1/STM32CubeIDE/plugins/com.st.stm32cube.ide.mcu.externaltools.gnu-tools-for-stm32.12.3.rel1.win32_1.0.200.202406191623/tools/bin/../lib/gcc/arm-none-eabi/12.3.1/../../../../arm-none-eabi/lib/thumb/v7e-m+fp/hard\libc_nano.a(libc_a-findfp.o)
 .text.stdio_exit_handler
                0x080116ec       0x18 C:/ST/STM32CubeIDE_1.16.1/STM32CubeIDE/plugins/com.st.stm32cube.ide.mcu.externaltools.gnu-tools-for-stm32.12.3.rel1.win32_1.0.200.202406191623/tools/bin/../lib/gcc/arm-none-eabi/12.3.1/../../../../arm-none-eabi/lib/thumb/v7e-m+fp/hard\libc_nano.a(libc_a-findfp.o)
 .text.cleanup_stdio
                0x08011704       0x40 C:/ST/STM32CubeIDE_1.16.1/STM32CubeIDE/plugins/com.st.stm32cube.ide.mcu.externaltools.gnu-tools-for-stm32.12.3.rel1.win32_1.0.200.202406191623/tools/bin/../lib/gcc/arm-none-eabi/12.3.1/../../../../arm-none-eabi/lib/thumb/v7e-m+fp/hard\libc_nano.a(libc_a-findfp.o)
 .text.global_stdio_init.part.0
                0x08011744       0x3c C:/ST/STM32CubeIDE_1.16.1/STM32CubeIDE/plugins/com.st.stm32cube.ide.mcu.externaltools.gnu-tools-for-stm32.12.3.rel1.win32_1.0.200.202406191623/tools/bin/../lib/gcc/arm-none-eabi/12.3.1/../../../../arm-none-eabi/lib/thumb/v7e-m+fp/hard\libc_nano.a(libc_a-findfp.o)
 .text.__sfp_lock_acquire
                0x08011780        0xc C:/ST/STM32CubeIDE_1.16.1/STM32CubeIDE/plugins/com.st.stm32cube.ide.mcu.externaltools.gnu-tools-for-stm32.12.3.rel1.win32_1.0.200.202406191623/tools/bin/../lib/gcc/arm-none-eabi/12.3.1/../../../../arm-none-eabi/lib/thumb/v7e-m+fp/hard\libc_nano.a(libc_a-findfp.o)
                0x08011780                __sfp_lock_acquire
 .text.__sfp_lock_release
                0x0801178c        0xc C:/ST/STM32CubeIDE_1.16.1/STM32CubeIDE/plugins/com.st.stm32cube.ide.mcu.externaltools.gnu-tools-for-stm32.12.3.rel1.win32_1.0.200.202406191623/tools/bin/../lib/gcc/arm-none-eabi/12.3.1/../../../../arm-none-eabi/lib/thumb/v7e-m+fp/hard\libc_nano.a(libc_a-findfp.o)
                0x0801178c                __sfp_lock_release
 .text.__sinit  0x08011798       0x30 C:/ST/STM32CubeIDE_1.16.1/STM32CubeIDE/plugins/com.st.stm32cube.ide.mcu.externaltools.gnu-tools-for-stm32.12.3.rel1.win32_1.0.200.202406191623/tools/bin/../lib/gcc/arm-none-eabi/12.3.1/../../../../arm-none-eabi/lib/thumb/v7e-m+fp/hard\libc_nano.a(libc_a-findfp.o)
                0x08011798                __sinit
 .text._fwalk_sglue
                0x080117c8       0x3c C:/ST/STM32CubeIDE_1.16.1/STM32CubeIDE/plugins/com.st.stm32cube.ide.mcu.externaltools.gnu-tools-for-stm32.12.3.rel1.win32_1.0.200.202406191623/tools/bin/../lib/gcc/arm-none-eabi/12.3.1/../../../../arm-none-eabi/lib/thumb/v7e-m+fp/hard\libc_nano.a(libc_a-fwalk.o)
                0x080117c8                _fwalk_sglue
 .text.putchar  0x08011804       0x10 C:/ST/STM32CubeIDE_1.16.1/STM32CubeIDE/plugins/com.st.stm32cube.ide.mcu.externaltools.gnu-tools-for-stm32.12.3.rel1.win32_1.0.200.202406191623/tools/bin/../lib/gcc/arm-none-eabi/12.3.1/../../../../arm-none-eabi/lib/thumb/v7e-m+fp/hard\libc_nano.a(libc_a-putchar.o)
                0x08011804                putchar
 .text._puts_r  0x08011814       0xaa C:/ST/STM32CubeIDE_1.16.1/STM32CubeIDE/plugins/com.st.stm32cube.ide.mcu.externaltools.gnu-tools-for-stm32.12.3.rel1.win32_1.0.200.202406191623/tools/bin/../lib/gcc/arm-none-eabi/12.3.1/../../../../arm-none-eabi/lib/thumb/v7e-m+fp/hard\libc_nano.a(libc_a-puts.o)
                0x08011814                _puts_r
 *fill*         0x080118be        0x2 
 .text.puts     0x080118c0       0x10 C:/ST/STM32CubeIDE_1.16.1/STM32CubeIDE/plugins/com.st.stm32cube.ide.mcu.externaltools.gnu-tools-for-stm32.12.3.rel1.win32_1.0.200.202406191623/tools/bin/../lib/gcc/arm-none-eabi/12.3.1/../../../../arm-none-eabi/lib/thumb/v7e-m+fp/hard\libc_nano.a(libc_a-puts.o)
                0x080118c0                puts
 .text.sprintf  0x080118d0       0x40 C:/ST/STM32CubeIDE_1.16.1/STM32CubeIDE/plugins/com.st.stm32cube.ide.mcu.externaltools.gnu-tools-for-stm32.12.3.rel1.win32_1.0.200.202406191623/tools/bin/../lib/gcc/arm-none-eabi/12.3.1/../../../../arm-none-eabi/lib/thumb/v7e-m+fp/hard\libc_nano.a(libc_a-sprintf.o)
                0x080118d0                siprintf
                0x080118d0                sprintf
 .text.__sread  0x08011910       0x22 C:/ST/STM32CubeIDE_1.16.1/STM32CubeIDE/plugins/com.st.stm32cube.ide.mcu.externaltools.gnu-tools-for-stm32.12.3.rel1.win32_1.0.200.202406191623/tools/bin/../lib/gcc/arm-none-eabi/12.3.1/../../../../arm-none-eabi/lib/thumb/v7e-m+fp/hard\libc_nano.a(libc_a-stdio.o)
                0x08011910                __sread
 .text.__swrite
                0x08011932       0x38 C:/ST/STM32CubeIDE_1.16.1/STM32CubeIDE/plugins/com.st.stm32cube.ide.mcu.externaltools.gnu-tools-for-stm32.12.3.rel1.win32_1.0.200.202406191623/tools/bin/../lib/gcc/arm-none-eabi/12.3.1/../../../../arm-none-eabi/lib/thumb/v7e-m+fp/hard\libc_nano.a(libc_a-stdio.o)
                0x08011932                __swrite
 .text.__sseek  0x0801196a       0x24 C:/ST/STM32CubeIDE_1.16.1/STM32CubeIDE/plugins/com.st.stm32cube.ide.mcu.externaltools.gnu-tools-for-stm32.12.3.rel1.win32_1.0.200.202406191623/tools/bin/../lib/gcc/arm-none-eabi/12.3.1/../../../../arm-none-eabi/lib/thumb/v7e-m+fp/hard\libc_nano.a(libc_a-stdio.o)
                0x0801196a                __sseek
 .text.__sclose
                0x0801198e        0x8 C:/ST/STM32CubeIDE_1.16.1/STM32CubeIDE/plugins/com.st.stm32cube.ide.mcu.externaltools.gnu-tools-for-stm32.12.3.rel1.win32_1.0.200.202406191623/tools/bin/../lib/gcc/arm-none-eabi/12.3.1/../../../../arm-none-eabi/lib/thumb/v7e-m+fp/hard\libc_nano.a(libc_a-stdio.o)
                0x0801198e                __sclose
 .text._vsnprintf_r
                0x08011996       0x56 C:/ST/STM32CubeIDE_1.16.1/STM32CubeIDE/plugins/com.st.stm32cube.ide.mcu.externaltools.gnu-tools-for-stm32.12.3.rel1.win32_1.0.200.202406191623/tools/bin/../lib/gcc/arm-none-eabi/12.3.1/../../../../arm-none-eabi/lib/thumb/v7e-m+fp/hard\libc_nano.a(libc_a-vsnprintf.o)
                0x08011996                _vsniprintf_r
                0x08011996                _vsnprintf_r
 .text.vsnprintf
                0x080119ec       0x1c C:/ST/STM32CubeIDE_1.16.1/STM32CubeIDE/plugins/com.st.stm32cube.ide.mcu.externaltools.gnu-tools-for-stm32.12.3.rel1.win32_1.0.200.202406191623/tools/bin/../lib/gcc/arm-none-eabi/12.3.1/../../../../arm-none-eabi/lib/thumb/v7e-m+fp/hard\libc_nano.a(libc_a-vsnprintf.o)
                0x080119ec                vsniprintf
                0x080119ec                vsnprintf
 .text.__swbuf_r
                0x08011a08       0x7c C:/ST/STM32CubeIDE_1.16.1/STM32CubeIDE/plugins/com.st.stm32cube.ide.mcu.externaltools.gnu-tools-for-stm32.12.3.rel1.win32_1.0.200.202406191623/tools/bin/../lib/gcc/arm-none-eabi/12.3.1/../../../../arm-none-eabi/lib/thumb/v7e-m+fp/hard\libc_nano.a(libc_a-wbuf.o)
                0x08011a08                __swbuf_r
 .text.__swsetup_r
                0x08011a84       0xac C:/ST/STM32CubeIDE_1.16.1/STM32CubeIDE/plugins/com.st.stm32cube.ide.mcu.externaltools.gnu-tools-for-stm32.12.3.rel1.win32_1.0.200.202406191623/tools/bin/../lib/gcc/arm-none-eabi/12.3.1/../../../../arm-none-eabi/lib/thumb/v7e-m+fp/hard\libc_nano.a(libc_a-wsetup.o)
                0x08011a84                __swsetup_r
 .text.memmove  0x08011b30       0x34 C:/ST/STM32CubeIDE_1.16.1/STM32CubeIDE/plugins/com.st.stm32cube.ide.mcu.externaltools.gnu-tools-for-stm32.12.3.rel1.win32_1.0.200.202406191623/tools/bin/../lib/gcc/arm-none-eabi/12.3.1/../../../../arm-none-eabi/lib/thumb/v7e-m+fp/hard\libc_nano.a(libc_a-memmove.o)
                0x08011b30                memmove
 .text.memset   0x08011b64       0x10 C:/ST/STM32CubeIDE_1.16.1/STM32CubeIDE/plugins/com.st.stm32cube.ide.mcu.externaltools.gnu-tools-for-stm32.12.3.rel1.win32_1.0.200.202406191623/tools/bin/../lib/gcc/arm-none-eabi/12.3.1/../../../../arm-none-eabi/lib/thumb/v7e-m+fp/hard\libc_nano.a(libc_a-memset.o)
                0x08011b64                memset
 .text.strchr   0x08011b74       0x1a C:/ST/STM32CubeIDE_1.16.1/STM32CubeIDE/plugins/com.st.stm32cube.ide.mcu.externaltools.gnu-tools-for-stm32.12.3.rel1.win32_1.0.200.202406191623/tools/bin/../lib/gcc/arm-none-eabi/12.3.1/../../../../arm-none-eabi/lib/thumb/v7e-m+fp/hard\libc_nano.a(libc_a-strchr.o)
                0x08011b74                strchr
 .text.strncpy  0x08011b8e       0x26 C:/ST/STM32CubeIDE_1.16.1/STM32CubeIDE/plugins/com.st.stm32cube.ide.mcu.externaltools.gnu-tools-for-stm32.12.3.rel1.win32_1.0.200.202406191623/tools/bin/../lib/gcc/arm-none-eabi/12.3.1/../../../../arm-none-eabi/lib/thumb/v7e-m+fp/hard\libc_nano.a(libc_a-strncpy.o)
                0x08011b8e                strncpy
 .text.strstr   0x08011bb4       0x2c C:/ST/STM32CubeIDE_1.16.1/STM32CubeIDE/plugins/com.st.stm32cube.ide.mcu.externaltools.gnu-tools-for-stm32.12.3.rel1.win32_1.0.200.202406191623/tools/bin/../lib/gcc/arm-none-eabi/12.3.1/../../../../arm-none-eabi/lib/thumb/v7e-m+fp/hard\libc_nano.a(libc_a-strstr.o)
                0x08011bb4                strstr
 .text._localeconv_r
                0x08011be0        0x8 C:/ST/STM32CubeIDE_1.16.1/STM32CubeIDE/plugins/com.st.stm32cube.ide.mcu.externaltools.gnu-tools-for-stm32.12.3.rel1.win32_1.0.200.202406191623/tools/bin/../lib/gcc/arm-none-eabi/12.3.1/../../../../arm-none-eabi/lib/thumb/v7e-m+fp/hard\libc_nano.a(libc_a-localeconv.o)
                0x08011be0                _localeconv_r
 .text._close_r
                0x08011be8       0x20 C:/ST/STM32CubeIDE_1.16.1/STM32CubeIDE/plugins/com.st.stm32cube.ide.mcu.externaltools.gnu-tools-for-stm32.12.3.rel1.win32_1.0.200.202406191623/tools/bin/../lib/gcc/arm-none-eabi/12.3.1/../../../../arm-none-eabi/lib/thumb/v7e-m+fp/hard\libc_nano.a(libc_a-closer.o)
                0x08011be8                _close_r
 .text._lseek_r
                0x08011c08       0x24 C:/ST/STM32CubeIDE_1.16.1/STM32CubeIDE/plugins/com.st.stm32cube.ide.mcu.externaltools.gnu-tools-for-stm32.12.3.rel1.win32_1.0.200.202406191623/tools/bin/../lib/gcc/arm-none-eabi/12.3.1/../../../../arm-none-eabi/lib/thumb/v7e-m+fp/hard\libc_nano.a(libc_a-lseekr.o)
                0x08011c08                _lseek_r
 .text._read_r  0x08011c2c       0x24 C:/ST/STM32CubeIDE_1.16.1/STM32CubeIDE/plugins/com.st.stm32cube.ide.mcu.externaltools.gnu-tools-for-stm32.12.3.rel1.win32_1.0.200.202406191623/tools/bin/../lib/gcc/arm-none-eabi/12.3.1/../../../../arm-none-eabi/lib/thumb/v7e-m+fp/hard\libc_nano.a(libc_a-readr.o)
                0x08011c2c                _read_r
 .text._write_r
                0x08011c50       0x24 C:/ST/STM32CubeIDE_1.16.1/STM32CubeIDE/plugins/com.st.stm32cube.ide.mcu.externaltools.gnu-tools-for-stm32.12.3.rel1.win32_1.0.200.202406191623/tools/bin/../lib/gcc/arm-none-eabi/12.3.1/../../../../arm-none-eabi/lib/thumb/v7e-m+fp/hard\libc_nano.a(libc_a-writer.o)
                0x08011c50                _write_r
 .text.__errno  0x08011c74        0xc C:/ST/STM32CubeIDE_1.16.1/STM32CubeIDE/plugins/com.st.stm32cube.ide.mcu.externaltools.gnu-tools-for-stm32.12.3.rel1.win32_1.0.200.202406191623/tools/bin/../lib/gcc/arm-none-eabi/12.3.1/../../../../arm-none-eabi/lib/thumb/v7e-m+fp/hard\libc_nano.a(libc_a-errno.o)
                0x08011c74                __errno
 .text.__libc_init_array
                0x08011c80       0x48 C:/ST/STM32CubeIDE_1.16.1/STM32CubeIDE/plugins/com.st.stm32cube.ide.mcu.externaltools.gnu-tools-for-stm32.12.3.rel1.win32_1.0.200.202406191623/tools/bin/../lib/gcc/arm-none-eabi/12.3.1/../../../../arm-none-eabi/lib/thumb/v7e-m+fp/hard\libc_nano.a(libc_a-init.o)
                0x08011c80                __libc_init_array
 .text.__retarget_lock_init_recursive
                0x08011cc8        0x2 C:/ST/STM32CubeIDE_1.16.1/STM32CubeIDE/plugins/com.st.stm32cube.ide.mcu.externaltools.gnu-tools-for-stm32.12.3.rel1.win32_1.0.200.202406191623/tools/bin/../lib/gcc/arm-none-eabi/12.3.1/../../../../arm-none-eabi/lib/thumb/v7e-m+fp/hard\libc_nano.a(libc_a-lock.o)
                0x08011cc8                __retarget_lock_init_recursive
 .text.__retarget_lock_acquire_recursive
                0x08011cca        0x2 C:/ST/STM32CubeIDE_1.16.1/STM32CubeIDE/plugins/com.st.stm32cube.ide.mcu.externaltools.gnu-tools-for-stm32.12.3.rel1.win32_1.0.200.202406191623/tools/bin/../lib/gcc/arm-none-eabi/12.3.1/../../../../arm-none-eabi/lib/thumb/v7e-m+fp/hard\libc_nano.a(libc_a-lock.o)
                0x08011cca                __retarget_lock_acquire_recursive
 .text.__retarget_lock_release_recursive
                0x08011ccc        0x2 C:/ST/STM32CubeIDE_1.16.1/STM32CubeIDE/plugins/com.st.stm32cube.ide.mcu.externaltools.gnu-tools-for-stm32.12.3.rel1.win32_1.0.200.202406191623/tools/bin/../lib/gcc/arm-none-eabi/12.3.1/../../../../arm-none-eabi/lib/thumb/v7e-m+fp/hard\libc_nano.a(libc_a-lock.o)
                0x08011ccc                __retarget_lock_release_recursive
 .text.strcpy   0x08011cce       0x10 C:/ST/STM32CubeIDE_1.16.1/STM32CubeIDE/plugins/com.st.stm32cube.ide.mcu.externaltools.gnu-tools-for-stm32.12.3.rel1.win32_1.0.200.202406191623/tools/bin/../lib/gcc/arm-none-eabi/12.3.1/../../../../arm-none-eabi/lib/thumb/v7e-m+fp/hard\libc_nano.a(libc_a-strcpy.o)
                0x08011cce                strcpy
 .text.memcpy   0x08011cde       0x1c C:/ST/STM32CubeIDE_1.16.1/STM32CubeIDE/plugins/com.st.stm32cube.ide.mcu.externaltools.gnu-tools-for-stm32.12.3.rel1.win32_1.0.200.202406191623/tools/bin/../lib/gcc/arm-none-eabi/12.3.1/../../../../arm-none-eabi/lib/thumb/v7e-m+fp/hard\libc_nano.a(libc_a-memcpy-stub.o)
                0x08011cde                memcpy
 .text.quorem   0x08011cfa      0x110 C:/ST/STM32CubeIDE_1.16.1/STM32CubeIDE/plugins/com.st.stm32cube.ide.mcu.externaltools.gnu-tools-for-stm32.12.3.rel1.win32_1.0.200.202406191623/tools/bin/../lib/gcc/arm-none-eabi/12.3.1/../../../../arm-none-eabi/lib/thumb/v7e-m+fp/hard\libc_nano.a(libc_a-dtoa.o)
 *fill*         0x08011e0a        0x6 
 .text._dtoa_r  0x08011e10      0xb88 C:/ST/STM32CubeIDE_1.16.1/STM32CubeIDE/plugins/com.st.stm32cube.ide.mcu.externaltools.gnu-tools-for-stm32.12.3.rel1.win32_1.0.200.202406191623/tools/bin/../lib/gcc/arm-none-eabi/12.3.1/../../../../arm-none-eabi/lib/thumb/v7e-m+fp/hard\libc_nano.a(libc_a-dtoa.o)
                0x08011e10                _dtoa_r
 .text._free_r  0x08012998       0x94 C:/ST/STM32CubeIDE_1.16.1/STM32CubeIDE/plugins/com.st.stm32cube.ide.mcu.externaltools.gnu-tools-for-stm32.12.3.rel1.win32_1.0.200.202406191623/tools/bin/../lib/gcc/arm-none-eabi/12.3.1/../../../../arm-none-eabi/lib/thumb/v7e-m+fp/hard\libc_nano.a(libc_a-freer.o)
                0x08012998                _free_r
 .text.malloc   0x08012a2c       0x10 C:/ST/STM32CubeIDE_1.16.1/STM32CubeIDE/plugins/com.st.stm32cube.ide.mcu.externaltools.gnu-tools-for-stm32.12.3.rel1.win32_1.0.200.202406191623/tools/bin/../lib/gcc/arm-none-eabi/12.3.1/../../../../arm-none-eabi/lib/thumb/v7e-m+fp/hard\libc_nano.a(libc_a-malloc.o)
                0x08012a2c                malloc
 .text.sbrk_aligned
                0x08012a3c       0x44 C:/ST/STM32CubeIDE_1.16.1/STM32CubeIDE/plugins/com.st.stm32cube.ide.mcu.externaltools.gnu-tools-for-stm32.12.3.rel1.win32_1.0.200.202406191623/tools/bin/../lib/gcc/arm-none-eabi/12.3.1/../../../../arm-none-eabi/lib/thumb/v7e-m+fp/hard\libc_nano.a(libc_a-mallocr.o)
 .text._malloc_r
                0x08012a80      0x100 C:/ST/STM32CubeIDE_1.16.1/STM32CubeIDE/plugins/com.st.stm32cube.ide.mcu.externaltools.gnu-tools-for-stm32.12.3.rel1.win32_1.0.200.202406191623/tools/bin/../lib/gcc/arm-none-eabi/12.3.1/../../../../arm-none-eabi/lib/thumb/v7e-m+fp/hard\libc_nano.a(libc_a-mallocr.o)
                0x08012a80                _malloc_r
 .text.__malloc_lock
                0x08012b80        0xc C:/ST/STM32CubeIDE_1.16.1/STM32CubeIDE/plugins/com.st.stm32cube.ide.mcu.externaltools.gnu-tools-for-stm32.12.3.rel1.win32_1.0.200.202406191623/tools/bin/../lib/gcc/arm-none-eabi/12.3.1/../../../../arm-none-eabi/lib/thumb/v7e-m+fp/hard\libc_nano.a(libc_a-mlock.o)
                0x08012b80                __malloc_lock
 .text.__malloc_unlock
                0x08012b8c        0xc C:/ST/STM32CubeIDE_1.16.1/STM32CubeIDE/plugins/com.st.stm32cube.ide.mcu.externaltools.gnu-tools-for-stm32.12.3.rel1.win32_1.0.200.202406191623/tools/bin/../lib/gcc/arm-none-eabi/12.3.1/../../../../arm-none-eabi/lib/thumb/v7e-m+fp/hard\libc_nano.a(libc_a-mlock.o)
                0x08012b8c                __malloc_unlock
 .text._Balloc  0x08012b98       0x80 C:/ST/STM32CubeIDE_1.16.1/STM32CubeIDE/plugins/com.st.stm32cube.ide.mcu.externaltools.gnu-tools-for-stm32.12.3.rel1.win32_1.0.200.202406191623/tools/bin/../lib/gcc/arm-none-eabi/12.3.1/../../../../arm-none-eabi/lib/thumb/v7e-m+fp/hard\libc_nano.a(libc_a-mprec.o)
                0x08012b98                _Balloc
 .text._Bfree   0x08012c18       0x44 C:/ST/STM32CubeIDE_1.16.1/STM32CubeIDE/plugins/com.st.stm32cube.ide.mcu.externaltools.gnu-tools-for-stm32.12.3.rel1.win32_1.0.200.202406191623/tools/bin/../lib/gcc/arm-none-eabi/12.3.1/../../../../arm-none-eabi/lib/thumb/v7e-m+fp/hard\libc_nano.a(libc_a-mprec.o)
                0x08012c18                _Bfree
 .text.__multadd
                0x08012c5c       0x8c C:/ST/STM32CubeIDE_1.16.1/STM32CubeIDE/plugins/com.st.stm32cube.ide.mcu.externaltools.gnu-tools-for-stm32.12.3.rel1.win32_1.0.200.202406191623/tools/bin/../lib/gcc/arm-none-eabi/12.3.1/../../../../arm-none-eabi/lib/thumb/v7e-m+fp/hard\libc_nano.a(libc_a-mprec.o)
                0x08012c5c                __multadd
 .text.__hi0bits
                0x08012ce8       0x3e C:/ST/STM32CubeIDE_1.16.1/STM32CubeIDE/plugins/com.st.stm32cube.ide.mcu.externaltools.gnu-tools-for-stm32.12.3.rel1.win32_1.0.200.202406191623/tools/bin/../lib/gcc/arm-none-eabi/12.3.1/../../../../arm-none-eabi/lib/thumb/v7e-m+fp/hard\libc_nano.a(libc_a-mprec.o)
                0x08012ce8                __hi0bits
 .text.__lo0bits
                0x08012d26       0x5a C:/ST/STM32CubeIDE_1.16.1/STM32CubeIDE/plugins/com.st.stm32cube.ide.mcu.externaltools.gnu-tools-for-stm32.12.3.rel1.win32_1.0.200.202406191623/tools/bin/../lib/gcc/arm-none-eabi/12.3.1/../../../../arm-none-eabi/lib/thumb/v7e-m+fp/hard\libc_nano.a(libc_a-mprec.o)
                0x08012d26                __lo0bits
 .text.__i2b    0x08012d80       0x2c C:/ST/STM32CubeIDE_1.16.1/STM32CubeIDE/plugins/com.st.stm32cube.ide.mcu.externaltools.gnu-tools-for-stm32.12.3.rel1.win32_1.0.200.202406191623/tools/bin/../lib/gcc/arm-none-eabi/12.3.1/../../../../arm-none-eabi/lib/thumb/v7e-m+fp/hard\libc_nano.a(libc_a-mprec.o)
                0x08012d80                __i2b
 .text.__multiply
                0x08012dac      0x154 C:/ST/STM32CubeIDE_1.16.1/STM32CubeIDE/plugins/com.st.stm32cube.ide.mcu.externaltools.gnu-tools-for-stm32.12.3.rel1.win32_1.0.200.202406191623/tools/bin/../lib/gcc/arm-none-eabi/12.3.1/../../../../arm-none-eabi/lib/thumb/v7e-m+fp/hard\libc_nano.a(libc_a-mprec.o)
                0x08012dac                __multiply
 .text.__pow5mult
                0x08012f00       0xb4 C:/ST/STM32CubeIDE_1.16.1/STM32CubeIDE/plugins/com.st.stm32cube.ide.mcu.externaltools.gnu-tools-for-stm32.12.3.rel1.win32_1.0.200.202406191623/tools/bin/../lib/gcc/arm-none-eabi/12.3.1/../../../../arm-none-eabi/lib/thumb/v7e-m+fp/hard\libc_nano.a(libc_a-mprec.o)
                0x08012f00                __pow5mult
 .text.__lshift
                0x08012fb4       0xd8 C:/ST/STM32CubeIDE_1.16.1/STM32CubeIDE/plugins/com.st.stm32cube.ide.mcu.externaltools.gnu-tools-for-stm32.12.3.rel1.win32_1.0.200.202406191623/tools/bin/../lib/gcc/arm-none-eabi/12.3.1/../../../../arm-none-eabi/lib/thumb/v7e-m+fp/hard\libc_nano.a(libc_a-mprec.o)
                0x08012fb4                __lshift
 .text.__mcmp   0x0801308c       0x36 C:/ST/STM32CubeIDE_1.16.1/STM32CubeIDE/plugins/com.st.stm32cube.ide.mcu.externaltools.gnu-tools-for-stm32.12.3.rel1.win32_1.0.200.202406191623/tools/bin/../lib/gcc/arm-none-eabi/12.3.1/../../../../arm-none-eabi/lib/thumb/v7e-m+fp/hard\libc_nano.a(libc_a-mprec.o)
                0x0801308c                __mcmp
 *fill*         0x080130c2        0x2 
 .text.__mdiff  0x080130c4      0x128 C:/ST/STM32CubeIDE_1.16.1/STM32CubeIDE/plugins/com.st.stm32cube.ide.mcu.externaltools.gnu-tools-for-stm32.12.3.rel1.win32_1.0.200.202406191623/tools/bin/../lib/gcc/arm-none-eabi/12.3.1/../../../../arm-none-eabi/lib/thumb/v7e-m+fp/hard\libc_nano.a(libc_a-mprec.o)
                0x080130c4                __mdiff
 .text.__d2b    0x080131ec       0xb0 C:/ST/STM32CubeIDE_1.16.1/STM32CubeIDE/plugins/com.st.stm32cube.ide.mcu.externaltools.gnu-tools-for-stm32.12.3.rel1.win32_1.0.200.202406191623/tools/bin/../lib/gcc/arm-none-eabi/12.3.1/../../../../arm-none-eabi/lib/thumb/v7e-m+fp/hard\libc_nano.a(libc_a-mprec.o)
                0x080131ec                __d2b
 .text.__ssputs_r
                0x0801329c       0xb6 C:/ST/STM32CubeIDE_1.16.1/STM32CubeIDE/plugins/com.st.stm32cube.ide.mcu.externaltools.gnu-tools-for-stm32.12.3.rel1.win32_1.0.200.202406191623/tools/bin/../lib/gcc/arm-none-eabi/12.3.1/../../../../arm-none-eabi/lib/thumb/v7e-m+fp/hard\libc_nano.a(libc_a-nano-svfprintf.o)
                0x0801329c                __ssputs_r
 *fill*         0x08013352        0x2 
 .text._svfprintf_r
                0x08013354      0x1f8 C:/ST/STM32CubeIDE_1.16.1/STM32CubeIDE/plugins/com.st.stm32cube.ide.mcu.externaltools.gnu-tools-for-stm32.12.3.rel1.win32_1.0.200.202406191623/tools/bin/../lib/gcc/arm-none-eabi/12.3.1/../../../../arm-none-eabi/lib/thumb/v7e-m+fp/hard\libc_nano.a(libc_a-nano-svfprintf.o)
                0x08013354                _svfiprintf_r
                0x08013354                _svfprintf_r
 .text.__sflush_r
                0x0801354c      0x108 C:/ST/STM32CubeIDE_1.16.1/STM32CubeIDE/plugins/com.st.stm32cube.ide.mcu.externaltools.gnu-tools-for-stm32.12.3.rel1.win32_1.0.200.202406191623/tools/bin/../lib/gcc/arm-none-eabi/12.3.1/../../../../arm-none-eabi/lib/thumb/v7e-m+fp/hard\libc_nano.a(libc_a-fflush.o)
                0x0801354c                __sflush_r
 .text._fflush_r
                0x08013654       0x50 C:/ST/STM32CubeIDE_1.16.1/STM32CubeIDE/plugins/com.st.stm32cube.ide.mcu.externaltools.gnu-tools-for-stm32.12.3.rel1.win32_1.0.200.202406191623/tools/bin/../lib/gcc/arm-none-eabi/12.3.1/../../../../arm-none-eabi/lib/thumb/v7e-m+fp/hard\libc_nano.a(libc_a-fflush.o)
                0x08013654                _fflush_r
 .text.__swhatbuf_r
                0x080136a4       0x4c C:/ST/STM32CubeIDE_1.16.1/STM32CubeIDE/plugins/com.st.stm32cube.ide.mcu.externaltools.gnu-tools-for-stm32.12.3.rel1.win32_1.0.200.202406191623/tools/bin/../lib/gcc/arm-none-eabi/12.3.1/../../../../arm-none-eabi/lib/thumb/v7e-m+fp/hard\libc_nano.a(libc_a-makebuf.o)
                0x080136a4                __swhatbuf_r
 .text.__smakebuf_r
                0x080136f0       0x78 C:/ST/STM32CubeIDE_1.16.1/STM32CubeIDE/plugins/com.st.stm32cube.ide.mcu.externaltools.gnu-tools-for-stm32.12.3.rel1.win32_1.0.200.202406191623/tools/bin/../lib/gcc/arm-none-eabi/12.3.1/../../../../arm-none-eabi/lib/thumb/v7e-m+fp/hard\libc_nano.a(libc_a-makebuf.o)
                0x080136f0                __smakebuf_r
 .text._putc_r  0x08013768       0x68 C:/ST/STM32CubeIDE_1.16.1/STM32CubeIDE/plugins/com.st.stm32cube.ide.mcu.externaltools.gnu-tools-for-stm32.12.3.rel1.win32_1.0.200.202406191623/tools/bin/../lib/gcc/arm-none-eabi/12.3.1/../../../../arm-none-eabi/lib/thumb/v7e-m+fp/hard\libc_nano.a(libc_a-putc.o)
                0x08013768                _putc_r
 .text._fstat_r
                0x080137d0       0x24 C:/ST/STM32CubeIDE_1.16.1/STM32CubeIDE/plugins/com.st.stm32cube.ide.mcu.externaltools.gnu-tools-for-stm32.12.3.rel1.win32_1.0.200.202406191623/tools/bin/../lib/gcc/arm-none-eabi/12.3.1/../../../../arm-none-eabi/lib/thumb/v7e-m+fp/hard\libc_nano.a(libc_a-fstatr.o)
                0x080137d0                _fstat_r
 .text._isatty_r
                0x080137f4       0x20 C:/ST/STM32CubeIDE_1.16.1/STM32CubeIDE/plugins/com.st.stm32cube.ide.mcu.externaltools.gnu-tools-for-stm32.12.3.rel1.win32_1.0.200.202406191623/tools/bin/../lib/gcc/arm-none-eabi/12.3.1/../../../../arm-none-eabi/lib/thumb/v7e-m+fp/hard\libc_nano.a(libc_a-isattyr.o)
                0x080137f4                _isatty_r
 .text._sbrk_r  0x08013814       0x20 C:/ST/STM32CubeIDE_1.16.1/STM32CubeIDE/plugins/com.st.stm32cube.ide.mcu.externaltools.gnu-tools-for-stm32.12.3.rel1.win32_1.0.200.202406191623/tools/bin/../lib/gcc/arm-none-eabi/12.3.1/../../../../arm-none-eabi/lib/thumb/v7e-m+fp/hard\libc_nano.a(libc_a-sbrkr.o)
                0x08013814                _sbrk_r
 .text.__assert_func
                0x08013834       0x3c C:/ST/STM32CubeIDE_1.16.1/STM32CubeIDE/plugins/com.st.stm32cube.ide.mcu.externaltools.gnu-tools-for-stm32.12.3.rel1.win32_1.0.200.202406191623/tools/bin/../lib/gcc/arm-none-eabi/12.3.1/../../../../arm-none-eabi/lib/thumb/v7e-m+fp/hard\libc_nano.a(libc_a-assert.o)
                0x08013834                __assert_func
 .text._calloc_r
                0x08013870       0x28 C:/ST/STM32CubeIDE_1.16.1/STM32CubeIDE/plugins/com.st.stm32cube.ide.mcu.externaltools.gnu-tools-for-stm32.12.3.rel1.win32_1.0.200.202406191623/tools/bin/../lib/gcc/arm-none-eabi/12.3.1/../../../../arm-none-eabi/lib/thumb/v7e-m+fp/hard\libc_nano.a(libc_a-callocr.o)
                0x08013870                _calloc_r
 .text.__ascii_mbtowc
                0x08013898       0x24 C:/ST/STM32CubeIDE_1.16.1/STM32CubeIDE/plugins/com.st.stm32cube.ide.mcu.externaltools.gnu-tools-for-stm32.12.3.rel1.win32_1.0.200.202406191623/tools/bin/../lib/gcc/arm-none-eabi/12.3.1/../../../../arm-none-eabi/lib/thumb/v7e-m+fp/hard\libc_nano.a(libc_a-mbtowc_r.o)
                0x08013898                __ascii_mbtowc
 .text._realloc_r
                0x080138bc       0x5c C:/ST/STM32CubeIDE_1.16.1/STM32CubeIDE/plugins/com.st.stm32cube.ide.mcu.externaltools.gnu-tools-for-stm32.12.3.rel1.win32_1.0.200.202406191623/tools/bin/../lib/gcc/arm-none-eabi/12.3.1/../../../../arm-none-eabi/lib/thumb/v7e-m+fp/hard\libc_nano.a(libc_a-reallocr.o)
                0x080138bc                _realloc_r
 .text.__ascii_wctomb
                0x08013918       0x1a C:/ST/STM32CubeIDE_1.16.1/STM32CubeIDE/plugins/com.st.stm32cube.ide.mcu.externaltools.gnu-tools-for-stm32.12.3.rel1.win32_1.0.200.202406191623/tools/bin/../lib/gcc/arm-none-eabi/12.3.1/../../../../arm-none-eabi/lib/thumb/v7e-m+fp/hard\libc_nano.a(libc_a-wctomb_r.o)
                0x08013918                __ascii_wctomb
 *fill*         0x08013932        0x2 
 .text.fprintf  0x08013934       0x24 C:/ST/STM32CubeIDE_1.16.1/STM32CubeIDE/plugins/com.st.stm32cube.ide.mcu.externaltools.gnu-tools-for-stm32.12.3.rel1.win32_1.0.200.202406191623/tools/bin/../lib/gcc/arm-none-eabi/12.3.1/../../../../arm-none-eabi/lib/thumb/v7e-m+fp/hard\libc_nano.a(libc_a-fprintf.o)
                0x08013934                fiprintf
                0x08013934                fprintf
 .text.abort    0x08013958        0xe C:/ST/STM32CubeIDE_1.16.1/STM32CubeIDE/plugins/com.st.stm32cube.ide.mcu.externaltools.gnu-tools-for-stm32.12.3.rel1.win32_1.0.200.202406191623/tools/bin/../lib/gcc/arm-none-eabi/12.3.1/../../../../arm-none-eabi/lib/thumb/v7e-m+fp/hard\libc_nano.a(libc_a-abort.o)
                0x08013958                abort
 .text._malloc_usable_size_r
                0x08013966       0x10 C:/ST/STM32CubeIDE_1.16.1/STM32CubeIDE/plugins/com.st.stm32cube.ide.mcu.externaltools.gnu-tools-for-stm32.12.3.rel1.win32_1.0.200.202406191623/tools/bin/../lib/gcc/arm-none-eabi/12.3.1/../../../../arm-none-eabi/lib/thumb/v7e-m+fp/hard\libc_nano.a(libc_a-msizer.o)
                0x08013966                _malloc_usable_size_r
 .text.__sfputc_r
                0x08013976       0x2e C:/ST/STM32CubeIDE_1.16.1/STM32CubeIDE/plugins/com.st.stm32cube.ide.mcu.externaltools.gnu-tools-for-stm32.12.3.rel1.win32_1.0.200.202406191623/tools/bin/../lib/gcc/arm-none-eabi/12.3.1/../../../../arm-none-eabi/lib/thumb/v7e-m+fp/hard\libc_nano.a(libc_a-nano-vfprintf.o)
 .text.__sfputs_r
                0x080139a4       0x24 C:/ST/STM32CubeIDE_1.16.1/STM32CubeIDE/plugins/com.st.stm32cube.ide.mcu.externaltools.gnu-tools-for-stm32.12.3.rel1.win32_1.0.200.202406191623/tools/bin/../lib/gcc/arm-none-eabi/12.3.1/../../../../arm-none-eabi/lib/thumb/v7e-m+fp/hard\libc_nano.a(libc_a-nano-vfprintf.o)
                0x080139a4                __sfputs_r
 .text._vfprintf_r
                0x080139c8      0x230 C:/ST/STM32CubeIDE_1.16.1/STM32CubeIDE/plugins/com.st.stm32cube.ide.mcu.externaltools.gnu-tools-for-stm32.12.3.rel1.win32_1.0.200.202406191623/tools/bin/../lib/gcc/arm-none-eabi/12.3.1/../../../../arm-none-eabi/lib/thumb/v7e-m+fp/hard\libc_nano.a(libc_a-nano-vfprintf.o)
                0x080139c8                _vfprintf_r
                0x080139c8                _vfiprintf_r
 .text._raise_r
                0x08013bf8       0x50 C:/ST/STM32CubeIDE_1.16.1/STM32CubeIDE/plugins/com.st.stm32cube.ide.mcu.externaltools.gnu-tools-for-stm32.12.3.rel1.win32_1.0.200.202406191623/tools/bin/../lib/gcc/arm-none-eabi/12.3.1/../../../../arm-none-eabi/lib/thumb/v7e-m+fp/hard\libc_nano.a(libc_a-signal.o)
                0x08013bf8                _raise_r